<?xml version="1.0"?>
<link_info>
   <banner>TI ARM Linker PC v16.9.4.LTS</banner>
   <copyright>Copyright (c) 1996-2017 Texas Instruments Incorporated</copyright>
   <link_time>0x5d247228</link_time>
   <link_errors>0x0</link_errors>
   <output_file>ECU2_integration.out</output_file>
   <entry_point>
      <name>_c_int00</name>
      <address>0x8a79</address>
   </entry_point>
   <input_file_list>
      <input_file id="fl-2">
         <path>.\</path>
         <kind>object</kind>
         <file>Delay.obj</file>
         <name>Delay.obj</name>
      </input_file>
      <input_file id="fl-3">
         <path>.\</path>
         <kind>object</kind>
         <file>Dio.obj</file>
         <name>Dio.obj</name>
      </input_file>
      <input_file id="fl-4">
         <path>.\</path>
         <kind>object</kind>
         <file>KeyPad.obj</file>
         <name>KeyPad.obj</name>
      </input_file>
      <input_file id="fl-5">
         <path>.\</path>
         <kind>object</kind>
         <file>PORTF.obj</file>
         <name>PORTF.obj</name>
      </input_file>
      <input_file id="fl-6">
         <path>.\</path>
         <kind>object</kind>
         <file>Timer0A.obj</file>
         <name>Timer0A.obj</name>
      </input_file>
      <input_file id="fl-7">
         <path>.\</path>
         <kind>object</kind>
         <file>main.obj</file>
         <name>main.obj</name>
      </input_file>
      <input_file id="fl-8">
         <path>.\</path>
         <kind>object</kind>
         <file>tm4c123gh6pm_startup_ccs.obj</file>
         <name>tm4c123gh6pm_startup_ccs.obj</name>
      </input_file>
      <input_file id="fl-9">
         <path>.\OS\</path>
         <kind>object</kind>
         <file>InitConsole.obj</file>
         <name>InitConsole.obj</name>
      </input_file>
      <input_file id="fl-a">
         <path>.\OS\</path>
         <kind>object</kind>
         <file>Lcfg.obj</file>
         <name>Lcfg.obj</name>
      </input_file>
      <input_file id="fl-b">
         <path>.\OS\</path>
         <kind>object</kind>
         <file>alarm.obj</file>
         <name>alarm.obj</name>
      </input_file>
      <input_file id="fl-c">
         <path>.\OS\</path>
         <kind>object</kind>
         <file>event.obj</file>
         <name>event.obj</name>
      </input_file>
      <input_file id="fl-d">
         <path>.\OS\</path>
         <kind>object</kind>
         <file>interrupt.obj</file>
         <name>interrupt.obj</name>
      </input_file>
      <input_file id="fl-e">
         <path>.\OS\</path>
         <kind>object</kind>
         <file>resource.obj</file>
         <name>resource.obj</name>
      </input_file>
      <input_file id="fl-f">
         <path>.\OS\</path>
         <kind>object</kind>
         <file>task.obj</file>
         <name>task.obj</name>
      </input_file>
      <input_file id="fl-10">
         <path>.\Rte\</path>
         <kind>object</kind>
         <file>Rte.obj</file>
         <name>Rte.obj</name>
      </input_file>
      <input_file id="fl-11">
         <path>.\Rte\</path>
         <kind>object</kind>
         <file>Rte_HeatRegulator.obj</file>
         <name>Rte_HeatRegulator.obj</name>
      </input_file>
      <input_file id="fl-12">
         <path>.\Rte\</path>
         <kind>object</kind>
         <file>Rte_SeatHeatingController.obj</file>
         <name>Rte_SeatHeatingController.obj</name>
      </input_file>
      <input_file id="fl-13">
         <path>.\driverlib\</path>
         <kind>object</kind>
         <file>adc.obj</file>
         <name>adc.obj</name>
      </input_file>
      <input_file id="fl-14">
         <path>.\driverlib\</path>
         <kind>object</kind>
         <file>aes.obj</file>
         <name>aes.obj</name>
      </input_file>
      <input_file id="fl-15">
         <path>.\driverlib\</path>
         <kind>object</kind>
         <file>can.obj</file>
         <name>can.obj</name>
      </input_file>
      <input_file id="fl-16">
         <path>.\driverlib\</path>
         <kind>object</kind>
         <file>comp.obj</file>
         <name>comp.obj</name>
      </input_file>
      <input_file id="fl-17">
         <path>.\driverlib\</path>
         <kind>object</kind>
         <file>cpu.obj</file>
         <name>cpu.obj</name>
      </input_file>
      <input_file id="fl-18">
         <path>.\driverlib\</path>
         <kind>object</kind>
         <file>crc.obj</file>
         <name>crc.obj</name>
      </input_file>
      <input_file id="fl-19">
         <path>.\driverlib\</path>
         <kind>object</kind>
         <file>des.obj</file>
         <name>des.obj</name>
      </input_file>
      <input_file id="fl-1a">
         <path>.\driverlib\</path>
         <kind>object</kind>
         <file>eeprom.obj</file>
         <name>eeprom.obj</name>
      </input_file>
      <input_file id="fl-1b">
         <path>.\driverlib\</path>
         <kind>object</kind>
         <file>emac.obj</file>
         <name>emac.obj</name>
      </input_file>
      <input_file id="fl-1c">
         <path>.\driverlib\</path>
         <kind>object</kind>
         <file>epi.obj</file>
         <name>epi.obj</name>
      </input_file>
      <input_file id="fl-1d">
         <path>.\driverlib\</path>
         <kind>object</kind>
         <file>flash.obj</file>
         <name>flash.obj</name>
      </input_file>
      <input_file id="fl-1e">
         <path>.\driverlib\</path>
         <kind>object</kind>
         <file>fpu.obj</file>
         <name>fpu.obj</name>
      </input_file>
      <input_file id="fl-1f">
         <path>.\driverlib\</path>
         <kind>object</kind>
         <file>gpio.obj</file>
         <name>gpio.obj</name>
      </input_file>
      <input_file id="fl-20">
         <path>.\driverlib\</path>
         <kind>object</kind>
         <file>hibernate.obj</file>
         <name>hibernate.obj</name>
      </input_file>
      <input_file id="fl-21">
         <path>.\driverlib\</path>
         <kind>object</kind>
         <file>i2c.obj</file>
         <name>i2c.obj</name>
      </input_file>
      <input_file id="fl-22">
         <path>.\driverlib\</path>
         <kind>object</kind>
         <file>interrupt.obj</file>
         <name>interrupt.obj</name>
      </input_file>
      <input_file id="fl-23">
         <path>.\driverlib\</path>
         <kind>object</kind>
         <file>lcd.obj</file>
         <name>lcd.obj</name>
      </input_file>
      <input_file id="fl-24">
         <path>.\driverlib\</path>
         <kind>object</kind>
         <file>mpu.obj</file>
         <name>mpu.obj</name>
      </input_file>
      <input_file id="fl-25">
         <path>.\driverlib\</path>
         <kind>object</kind>
         <file>onewire.obj</file>
         <name>onewire.obj</name>
      </input_file>
      <input_file id="fl-26">
         <path>.\driverlib\</path>
         <kind>object</kind>
         <file>pwm.obj</file>
         <name>pwm.obj</name>
      </input_file>
      <input_file id="fl-27">
         <path>.\driverlib\</path>
         <kind>object</kind>
         <file>qei.obj</file>
         <name>qei.obj</name>
      </input_file>
      <input_file id="fl-28">
         <path>.\driverlib\</path>
         <kind>object</kind>
         <file>shamd5.obj</file>
         <name>shamd5.obj</name>
      </input_file>
      <input_file id="fl-29">
         <path>.\driverlib\</path>
         <kind>object</kind>
         <file>ssi.obj</file>
         <name>ssi.obj</name>
      </input_file>
      <input_file id="fl-2a">
         <path>.\driverlib\</path>
         <kind>object</kind>
         <file>sw_crc.obj</file>
         <name>sw_crc.obj</name>
      </input_file>
      <input_file id="fl-2b">
         <path>.\driverlib\</path>
         <kind>object</kind>
         <file>sysctl.obj</file>
         <name>sysctl.obj</name>
      </input_file>
      <input_file id="fl-2c">
         <path>.\driverlib\</path>
         <kind>object</kind>
         <file>sysexc.obj</file>
         <name>sysexc.obj</name>
      </input_file>
      <input_file id="fl-2d">
         <path>.\driverlib\</path>
         <kind>object</kind>
         <file>systick.obj</file>
         <name>systick.obj</name>
      </input_file>
      <input_file id="fl-2e">
         <path>.\driverlib\</path>
         <kind>object</kind>
         <file>timer.obj</file>
         <name>timer.obj</name>
      </input_file>
      <input_file id="fl-2f">
         <path>.\driverlib\</path>
         <kind>object</kind>
         <file>uart.obj</file>
         <name>uart.obj</name>
      </input_file>
      <input_file id="fl-30">
         <path>.\driverlib\</path>
         <kind>object</kind>
         <file>udma.obj</file>
         <name>udma.obj</name>
      </input_file>
      <input_file id="fl-31">
         <path>.\driverlib\</path>
         <kind>object</kind>
         <file>usb.obj</file>
         <name>usb.obj</name>
      </input_file>
      <input_file id="fl-32">
         <path>.\driverlib\</path>
         <kind>object</kind>
         <file>watchdog.obj</file>
         <name>watchdog.obj</name>
      </input_file>
      <input_file id="fl-33">
         <path>.\freertos\</path>
         <kind>object</kind>
         <file>list.obj</file>
         <name>list.obj</name>
      </input_file>
      <input_file id="fl-34">
         <path>.\portable\</path>
         <kind>object</kind>
         <file>port.obj</file>
         <name>port.obj</name>
      </input_file>
      <input_file id="fl-35">
         <path>.\portable\</path>
         <kind>object</kind>
         <file>portasm.obj</file>
         <name>portasm.obj</name>
      </input_file>
      <input_file id="fl-36">
         <path>.\source\</path>
         <kind>object</kind>
         <file>Can.obj</file>
         <name>Can.obj</name>
      </input_file>
      <input_file id="fl-37">
         <path>.\source\</path>
         <kind>object</kind>
         <file>CanIf.obj</file>
         <name>CanIf.obj</name>
      </input_file>
      <input_file id="fl-38">
         <path>.\source\</path>
         <kind>object</kind>
         <file>CanIf_Cfg.obj</file>
         <name>CanIf_Cfg.obj</name>
      </input_file>
      <input_file id="fl-39">
         <path>.\source\</path>
         <kind>object</kind>
         <file>CanIf_Sec_cfg.obj</file>
         <name>CanIf_Sec_cfg.obj</name>
      </input_file>
      <input_file id="fl-3a">
         <path>.\source\</path>
         <kind>object</kind>
         <file>CanTpRuntime.obj</file>
         <name>CanTpRuntime.obj</name>
      </input_file>
      <input_file id="fl-3b">
         <path>.\source\</path>
         <kind>object</kind>
         <file>CanTp_Cfg.obj</file>
         <name>CanTp_Cfg.obj</name>
      </input_file>
      <input_file id="fl-3c">
         <path>.\source\</path>
         <kind>object</kind>
         <file>Com.obj</file>
         <name>Com.obj</name>
      </input_file>
      <input_file id="fl-3d">
         <path>.\source\</path>
         <kind>object</kind>
         <file>Com_Asu_Cfg.obj</file>
         <name>Com_Asu_Cfg.obj</name>
      </input_file>
      <input_file id="fl-3e">
         <path>.\source\</path>
         <kind>object</kind>
         <file>Com_Buffer.obj</file>
         <name>Com_Buffer.obj</name>
      </input_file>
      <input_file id="fl-3f">
         <path>.\source\</path>
         <kind>object</kind>
         <file>Com_Cfg.obj</file>
         <name>Com_Cfg.obj</name>
      </input_file>
      <input_file id="fl-40">
         <path>.\source\</path>
         <kind>object</kind>
         <file>Com_helper.obj</file>
         <name>Com_helper.obj</name>
      </input_file>
      <input_file id="fl-41">
         <path>.\source\</path>
         <kind>object</kind>
         <file>Helper_Functions.obj</file>
         <name>Helper_Functions.obj</name>
      </input_file>
      <input_file id="fl-42">
         <path>.\source\</path>
         <kind>object</kind>
         <file>PDURmy.obj</file>
         <name>PDURmy.obj</name>
      </input_file>
      <input_file id="fl-43">
         <path>.\source\</path>
         <kind>object</kind>
         <file>PduR.obj</file>
         <name>PduR.obj</name>
      </input_file>
      <input_file id="fl-44">
         <path>.\source\</path>
         <kind>object</kind>
         <file>PduR_helper.obj</file>
         <name>PduR_helper.obj</name>
      </input_file>
      <input_file id="fl-45">
         <path>.\source\</path>
         <kind>object</kind>
         <file>cantp.obj</file>
         <name>cantp.obj</name>
      </input_file>
      <input_file id="fl-46">
         <path>.\utils\</path>
         <kind>object</kind>
         <file>uartstdio.obj</file>
         <name>uartstdio.obj</name>
      </input_file>
      <input_file id="fl-4a">
         <kind>object</kind>
         <file>&lt;internal&gt;</file>
         <name>&lt;internal&gt;</name>
      </input_file>
      <input_file id="fl-100">
         <path>C:\ti\ccsv7\tools\compiler\ti-cgt-arm_16.9.4.LTS\lib\</path>
         <kind>archive</kind>
         <file>rtsv7M4_T_le_v4SPD16_eabi.lib</file>
         <name>boot.obj</name>
      </input_file>
      <input_file id="fl-101">
         <path>C:\ti\ccsv7\tools\compiler\ti-cgt-arm_16.9.4.LTS\lib\</path>
         <kind>archive</kind>
         <file>rtsv7M4_T_le_v4SPD16_eabi.lib</file>
         <name>copy_decompress_lzss.obj</name>
      </input_file>
      <input_file id="fl-102">
         <path>C:\ti\ccsv7\tools\compiler\ti-cgt-arm_16.9.4.LTS\lib\</path>
         <kind>archive</kind>
         <file>rtsv7M4_T_le_v4SPD16_eabi.lib</file>
         <name>copy_decompress_none.obj</name>
      </input_file>
      <input_file id="fl-103">
         <path>C:\ti\ccsv7\tools\compiler\ti-cgt-arm_16.9.4.LTS\lib\</path>
         <kind>archive</kind>
         <file>rtsv7M4_T_le_v4SPD16_eabi.lib</file>
         <name>copy_zero_init.obj</name>
      </input_file>
      <input_file id="fl-104">
         <path>C:\ti\ccsv7\tools\compiler\ti-cgt-arm_16.9.4.LTS\lib\</path>
         <kind>archive</kind>
         <file>rtsv7M4_T_le_v4SPD16_eabi.lib</file>
         <name>exit.obj</name>
      </input_file>
      <input_file id="fl-105">
         <path>C:\ti\ccsv7\tools\compiler\ti-cgt-arm_16.9.4.LTS\lib\</path>
         <kind>archive</kind>
         <file>rtsv7M4_T_le_v4SPD16_eabi.lib</file>
         <name>fd_tou_t2.obj</name>
      </input_file>
      <input_file id="fl-106">
         <path>C:\ti\ccsv7\tools\compiler\ti-cgt-arm_16.9.4.LTS\lib\</path>
         <kind>archive</kind>
         <file>rtsv7M4_T_le_v4SPD16_eabi.lib</file>
         <name>ll_mul_t2.obj</name>
      </input_file>
      <input_file id="fl-107">
         <path>C:\ti\ccsv7\tools\compiler\ti-cgt-arm_16.9.4.LTS\lib\</path>
         <kind>archive</kind>
         <file>rtsv7M4_T_le_v4SPD16_eabi.lib</file>
         <name>memcpy_t2.obj</name>
      </input_file>
      <input_file id="fl-108">
         <path>C:\ti\ccsv7\tools\compiler\ti-cgt-arm_16.9.4.LTS\lib\</path>
         <kind>archive</kind>
         <file>rtsv7M4_T_le_v4SPD16_eabi.lib</file>
         <name>memset_t2.obj</name>
      </input_file>
      <input_file id="fl-109">
         <path>C:\ti\ccsv7\tools\compiler\ti-cgt-arm_16.9.4.LTS\lib\</path>
         <kind>archive</kind>
         <file>rtsv7M4_T_le_v4SPD16_eabi.lib</file>
         <name>mpu_init.obj</name>
      </input_file>
      <input_file id="fl-10a">
         <path>C:\ti\ccsv7\tools\compiler\ti-cgt-arm_16.9.4.LTS\lib\</path>
         <kind>archive</kind>
         <file>rtsv7M4_T_le_v4SPD16_eabi.lib</file>
         <name>pre_init.obj</name>
      </input_file>
      <input_file id="fl-10b">
         <path>C:\ti\ccsv7\tools\compiler\ti-cgt-arm_16.9.4.LTS\lib\</path>
         <kind>archive</kind>
         <file>rtsv7M4_T_le_v4SPD16_eabi.lib</file>
         <name>stkdepth_vars.obj</name>
      </input_file>
      <input_file id="fl-10c">
         <path>C:\ti\ccsv7\tools\compiler\ti-cgt-arm_16.9.4.LTS\lib\</path>
         <kind>archive</kind>
         <file>rtsv7M4_T_le_v4SPD16_eabi.lib</file>
         <name>u_divt2.obj</name>
      </input_file>
      <input_file id="fl-10d">
         <path>C:\ti\ccsv7\tools\compiler\ti-cgt-arm_16.9.4.LTS\lib\</path>
         <kind>archive</kind>
         <file>rtsv7M4_T_le_v4SPD16_eabi.lib</file>
         <name>_lock.obj</name>
      </input_file>
      <input_file id="fl-10e">
         <path>C:\ti\ccsv7\tools\compiler\ti-cgt-arm_16.9.4.LTS\lib\</path>
         <kind>archive</kind>
         <file>rtsv7M4_T_le_v4SPD16_eabi.lib</file>
         <name>args_main.obj</name>
      </input_file>
      <input_file id="fl-10f">
         <path>C:\ti\ccsv7\tools\compiler\ti-cgt-arm_16.9.4.LTS\lib\</path>
         <kind>archive</kind>
         <file>rtsv7M4_T_le_v4SPD16_eabi.lib</file>
         <name>autoinit.obj</name>
      </input_file>
      <input_file id="fl-110">
         <path>C:\ti\ccsv7\tools\compiler\ti-cgt-arm_16.9.4.LTS\lib\</path>
         <kind>archive</kind>
         <file>rtsv7M4_T_le_v4SPD16_eabi.lib</file>
         <name>cpy_tbl.obj</name>
      </input_file>
      <input_file id="fl-111">
         <path>C:\ti\ccsv7\tools\compiler\ti-cgt-arm_16.9.4.LTS\lib\</path>
         <kind>archive</kind>
         <file>rtsv7M4_T_le_v4SPD16_eabi.lib</file>
         <name>i_div0.obj</name>
      </input_file>
      <input_file id="fl-112">
         <path>C:\ti\ccsv7\tools\compiler\ti-cgt-arm_16.9.4.LTS\lib\</path>
         <kind>archive</kind>
         <file>rtsv7M4_T_le_v4SPD16_eabi.lib</file>
         <name>startup.obj</name>
      </input_file>
   </input_file_list>
   <object_component_list>
      <object_component id="oc-f">
         <name>.intvecs</name>
         <load_address>0x0</load_address>
         <run_address>0x0</run_address>
         <size>0x268</size>
         <input_file_ref idref="fl-8"/>
      </object_component>
      <object_component id="oc-3c">
         <name>.text</name>
         <load_address>0x268</load_address>
         <run_address>0x268</run_address>
         <size>0x1ad8</size>
         <input_file_ref idref="fl-36"/>
      </object_component>
      <object_component id="oc-c3">
         <name>.text</name>
         <load_address>0x1d40</load_address>
         <run_address>0x1d40</run_address>
         <size>0xf88</size>
         <input_file_ref idref="fl-2b"/>
      </object_component>
      <object_component id="oc-2c0">
         <name>.text</name>
         <load_address>0x2cc8</load_address>
         <run_address>0x2cc8</run_address>
         <size>0xc58</size>
         <input_file_ref idref="fl-41"/>
      </object_component>
      <object_component id="oc-2f3">
         <name>.text</name>
         <load_address>0x3920</load_address>
         <run_address>0x3920</run_address>
         <size>0xba0</size>
         <input_file_ref idref="fl-1f"/>
      </object_component>
      <object_component id="oc-a7">
         <name>.text</name>
         <load_address>0x44c0</load_address>
         <run_address>0x44c0</run_address>
         <size>0xa30</size>
         <input_file_ref idref="fl-15"/>
      </object_component>
      <object_component id="oc-226">
         <name>.text</name>
         <load_address>0x4ef0</load_address>
         <run_address>0x4ef0</run_address>
         <size>0x970</size>
         <input_file_ref idref="fl-3c"/>
      </object_component>
      <object_component id="oc-e1">
         <name>.text</name>
         <load_address>0x5860</load_address>
         <run_address>0x5860</run_address>
         <size>0x66c</size>
         <input_file_ref idref="fl-37"/>
      </object_component>
      <object_component id="oc-1ea">
         <name>.text</name>
         <load_address>0x5ecc</load_address>
         <run_address>0x5ecc</run_address>
         <size>0x66c</size>
         <input_file_ref idref="fl-45"/>
      </object_component>
      <object_component id="oc-91">
         <name>.text</name>
         <load_address>0x6538</load_address>
         <run_address>0x6538</run_address>
         <size>0x63c</size>
         <input_file_ref idref="fl-f"/>
      </object_component>
      <object_component id="oc-147">
         <name>.text</name>
         <load_address>0x6b74</load_address>
         <run_address>0x6b74</run_address>
         <size>0x598</size>
         <input_file_ref idref="fl-b"/>
      </object_component>
      <object_component id="oc-304">
         <name>.text</name>
         <load_address>0x710c</load_address>
         <run_address>0x710c</run_address>
         <size>0x590</size>
         <input_file_ref idref="fl-3e"/>
      </object_component>
      <object_component id="oc-c9">
         <name>.text</name>
         <load_address>0x769c</load_address>
         <run_address>0x769c</run_address>
         <size>0x3c0</size>
         <input_file_ref idref="fl-22"/>
      </object_component>
      <object_component id="oc-22c">
         <name>.text</name>
         <load_address>0x7a5c</load_address>
         <run_address>0x7a5c</run_address>
         <size>0x1ec</size>
         <input_file_ref idref="fl-c"/>
      </object_component>
      <object_component id="oc-220">
         <name>.text</name>
         <load_address>0x7c48</load_address>
         <run_address>0x7c48</run_address>
         <size>0x17c</size>
         <input_file_ref idref="fl-4"/>
      </object_component>
      <object_component id="oc-2d1">
         <name>.text</name>
         <load_address>0x7dc4</load_address>
         <run_address>0x7dc4</run_address>
         <size>0x164</size>
         <input_file_ref idref="fl-44"/>
      </object_component>
      <object_component id="oc-232">
         <name>.text</name>
         <load_address>0x7f28</load_address>
         <run_address>0x7f28</run_address>
         <size>0x144</size>
         <input_file_ref idref="fl-11"/>
      </object_component>
      <object_component id="oc-36">
         <name>.text</name>
         <load_address>0x806c</load_address>
         <run_address>0x806c</run_address>
         <size>0x13c</size>
         <input_file_ref idref="fl-34"/>
      </object_component>
      <object_component id="oc-141">
         <name>.text</name>
         <load_address>0x81a8</load_address>
         <run_address>0x81a8</run_address>
         <size>0x12a</size>
         <input_file_ref idref="fl-33"/>
      </object_component>
      <object_component id="oc-68">
         <name>.text</name>
         <load_address>0x82d2</load_address>
         <run_address>0x82d2</run_address>
         <size>0x2</size>
         <input_file_ref idref="fl-109"/>
      </object_component>
      <object_component id="oc-1f0">
         <name>.text</name>
         <load_address>0x82d4</load_address>
         <run_address>0x82d4</run_address>
         <size>0x118</size>
         <input_file_ref idref="fl-43"/>
      </object_component>
      <object_component id="oc-129">
         <name>.text</name>
         <load_address>0x83ec</load_address>
         <run_address>0x83ec</run_address>
         <size>0xdc</size>
         <input_file_ref idref="fl-7"/>
      </object_component>
      <object_component id="oc-31">
         <name>.text</name>
         <load_address>0x84c8</load_address>
         <run_address>0x84c8</run_address>
         <size>0xda</size>
         <input_file_ref idref="fl-35"/>
      </object_component>
      <object_component id="oc-121">
         <name>.text</name>
         <load_address>0x85a2</load_address>
         <run_address>0x85a2</run_address>
         <size>0x2</size>
         <input_file_ref idref="fl-112"/>
      </object_component>
      <object_component id="oc-214">
         <name>.text</name>
         <load_address>0x85a4</load_address>
         <run_address>0x85a4</run_address>
         <size>0xb0</size>
         <input_file_ref idref="fl-5"/>
      </object_component>
      <object_component id="oc-50">
         <name>.text</name>
         <load_address>0x8654</load_address>
         <run_address>0x8654</run_address>
         <size>0x9c</size>
         <input_file_ref idref="fl-107"/>
      </object_component>
      <object_component id="oc-2fa">
         <name>.text</name>
         <load_address>0x86f0</load_address>
         <run_address>0x86f0</run_address>
         <size>0x7c</size>
         <input_file_ref idref="fl-2"/>
      </object_component>
      <object_component id="oc-5c">
         <name>.text</name>
         <load_address>0x876c</load_address>
         <run_address>0x876c</run_address>
         <size>0x7a</size>
         <input_file_ref idref="fl-108"/>
      </object_component>
      <object_component id="oc-31c">
         <name>.text</name>
         <load_address>0x87e8</load_address>
         <run_address>0x87e8</run_address>
         <size>0x74</size>
         <input_file_ref idref="fl-10"/>
      </object_component>
      <object_component id="oc-310">
         <name>.text</name>
         <load_address>0x885c</load_address>
         <run_address>0x885c</run_address>
         <size>0x72</size>
         <input_file_ref idref="fl-40"/>
      </object_component>
      <object_component id="oc-db">
         <name>.text</name>
         <load_address>0x88d0</load_address>
         <run_address>0x88d0</run_address>
         <size>0x70</size>
         <input_file_ref idref="fl-6"/>
      </object_component>
      <object_component id="oc-74">
         <name>.text</name>
         <load_address>0x8940</load_address>
         <run_address>0x8940</run_address>
         <size>0x70</size>
         <input_file_ref idref="fl-10f"/>
      </object_component>
      <object_component id="oc-12">
         <name>.text:decompress:lzss</name>
         <load_address>0x89b0</load_address>
         <run_address>0x89b0</run_address>
         <size>0x68</size>
         <input_file_ref idref="fl-101"/>
      </object_component>
      <object_component id="oc-238">
         <name>.text</name>
         <load_address>0x8a18</load_address>
         <run_address>0x8a18</run_address>
         <size>0x60</size>
         <input_file_ref idref="fl-12"/>
      </object_component>
      <object_component id="oc-24">
         <name>.text</name>
         <load_address>0x8a78</load_address>
         <run_address>0x8a78</run_address>
         <size>0x54</size>
         <input_file_ref idref="fl-100"/>
      </object_component>
      <object_component id="oc-80">
         <name>.text</name>
         <load_address>0x8acc</load_address>
         <run_address>0x8acc</run_address>
         <size>0x54</size>
         <input_file_ref idref="fl-104"/>
      </object_component>
      <object_component id="oc-11b">
         <name>.text</name>
         <load_address>0x8b20</load_address>
         <run_address>0x8b20</run_address>
         <size>0x4c</size>
         <input_file_ref idref="fl-110"/>
      </object_component>
      <object_component id="oc-2c6">
         <name>.text</name>
         <load_address>0x8b6c</load_address>
         <run_address>0x8b6c</run_address>
         <size>0x44</size>
         <input_file_ref idref="fl-105"/>
      </object_component>
      <object_component id="oc-1b4">
         <name>.text</name>
         <load_address>0x8bb0</load_address>
         <run_address>0x8bb0</run_address>
         <size>0x3e</size>
         <input_file_ref idref="fl-17"/>
      </object_component>
      <object_component id="oc-21a">
         <name>.text</name>
         <load_address>0x8bf0</load_address>
         <run_address>0x8bf0</run_address>
         <size>0x30</size>
         <input_file_ref idref="fl-3"/>
      </object_component>
      <object_component id="oc-7a">
         <name>.text</name>
         <load_address>0x8c20</load_address>
         <run_address>0x8c20</run_address>
         <size>0x18</size>
         <input_file_ref idref="fl-10e"/>
      </object_component>
      <object_component id="oc-3b7">
         <name>.text</name>
         <load_address>0x8c38</load_address>
         <run_address>0x8c38</run_address>
         <size>0x18</size>
         <input_file_ref idref="fl-106"/>
      </object_component>
      <object_component id="oc-259">
         <name>.text</name>
         <load_address>0x8c50</load_address>
         <run_address>0x8c50</run_address>
         <size>0x14</size>
         <input_file_ref idref="fl-10d"/>
      </object_component>
      <object_component id="oc-18">
         <name>.text:decompress:none</name>
         <load_address>0x8c64</load_address>
         <run_address>0x8c64</run_address>
         <size>0xe</size>
         <input_file_ref idref="fl-102"/>
      </object_component>
      <object_component id="oc-1e">
         <name>.text:decompress:ZI</name>
         <load_address>0x8c72</load_address>
         <run_address>0x8c72</run_address>
         <size>0xc</size>
         <input_file_ref idref="fl-103"/>
      </object_component>
      <object_component id="oc-2b">
         <name>.text</name>
         <load_address>0x8c7e</load_address>
         <run_address>0x8c7e</run_address>
         <size>0xc</size>
         <input_file_ref idref="fl-8"/>
      </object_component>
      <object_component id="oc-1c3">
         <name>.text:SysCtlDelay</name>
         <load_address>0x8c8a</load_address>
         <run_address>0x8c8a</run_address>
         <size>0x6</size>
         <input_file_ref idref="fl-2b"/>
      </object_component>
      <object_component id="oc-6e">
         <name>.text</name>
         <load_address>0x8c90</load_address>
         <run_address>0x8c90</run_address>
         <size>0x4</size>
         <input_file_ref idref="fl-10a"/>
      </object_component>
      <object_component id="oc-1c0">
         <name>.const:g_pppui32XTALtoVCO</name>
         <load_address>0x8c98</load_address>
         <run_address>0x8c98</run_address>
         <size>0x1b0</size>
         <input_file_ref idref="fl-2b"/>
      </object_component>
      <object_component id="oc-b0">
         <name>.const:CanContainer</name>
         <load_address>0x8e48</load_address>
         <run_address>0x8e48</run_address>
         <size>0xf4</size>
         <input_file_ref idref="fl-36"/>
      </object_component>
      <object_component id="oc-ad">
         <name>.const:MailboxCfg_MAP</name>
         <load_address>0x8f3c</load_address>
         <run_address>0x8f3c</run_address>
         <size>0xf4</size>
         <input_file_ref idref="fl-36"/>
      </object_component>
      <object_component id="oc-39d">
         <name>.const:g_ppui32GPIOIntMapSnowflake</name>
         <load_address>0x9030</load_address>
         <run_address>0x9030</run_address>
         <size>0xd8</size>
         <input_file_ref idref="fl-1f"/>
      </object_component>
      <object_component id="oc-397">
         <name>.const:g_ppui32GPIOIntMapBlizzard</name>
         <load_address>0x9108</load_address>
         <run_address>0x9108</run_address>
         <size>0xc0</size>
         <input_file_ref idref="fl-1f"/>
      </object_component>
      <object_component id="oc-1cc">
         <name>.const:g_pui32Regs</name>
         <load_address>0x91c8</load_address>
         <run_address>0x91c8</run_address>
         <size>0x9c</size>
         <input_file_ref idref="fl-22"/>
      </object_component>
      <object_component id="oc-3a0">
         <name>.const:g_pui32GPIOBaseAddrs</name>
         <load_address>0x9264</load_address>
         <run_address>0x9264</run_address>
         <size>0x90</size>
         <input_file_ref idref="fl-1f"/>
      </object_component>
      <object_component id="oc-8e">
         <name>.const</name>
         <load_address>0x92f4</load_address>
         <run_address>0x92f4</run_address>
         <size>0x4</size>
         <input_file_ref idref="fl-34"/>
      </object_component>
      <object_component id="oc-333">
         <name>.const:CanTp_RxNSdu</name>
         <load_address>0x92f8</load_address>
         <run_address>0x92f8</run_address>
         <size>0x80</size>
         <input_file_ref idref="fl-3b"/>
      </object_component>
      <object_component id="oc-1ba">
         <name>.const:g_pui32Xtals</name>
         <load_address>0x9378</load_address>
         <run_address>0x9378</run_address>
         <size>0x6c</size>
         <input_file_ref idref="fl-2b"/>
      </object_component>
      <object_component id="oc-340">
         <name>.const:ComSignal</name>
         <load_address>0x93e4</load_address>
         <run_address>0x93e4</run_address>
         <size>0x60</size>
         <input_file_ref idref="fl-3f"/>
      </object_component>
      <object_component id="oc-336">
         <name>.const:CanTp_TxNSdu</name>
         <load_address>0x9448</load_address>
         <run_address>0x9448</run_address>
         <size>0x50</size>
         <input_file_ref idref="fl-3b"/>
      </object_component>
      <object_component id="oc-33d">
         <name>.const:ComIPdu</name>
         <load_address>0x9498</load_address>
         <run_address>0x9498</run_address>
         <size>0x50</size>
         <input_file_ref idref="fl-3f"/>
      </object_component>
      <object_component id="oc-1b1">
         <name>.const:g_sXTALtoMEMTIM</name>
         <load_address>0x94e8</load_address>
         <run_address>0x94e8</run_address>
         <size>0x30</size>
         <input_file_ref idref="fl-2b"/>
      </object_component>
      <object_component id="oc-247">
         <name>.const</name>
         <load_address>0x9518</load_address>
         <run_address>0x9518</run_address>
         <size>0x2c</size>
         <input_file_ref idref="fl-a"/>
      </object_component>
      <object_component id="oc-23e">
         <name>.const:CanTp_Config</name>
         <load_address>0x9548</load_address>
         <run_address>0x9548</run_address>
         <size>0x20</size>
         <input_file_ref idref="fl-3b"/>
      </object_component>
      <object_component id="oc-1c9">
         <name>.const:g_pui32Priority</name>
         <load_address>0x9568</load_address>
         <run_address>0x9568</run_address>
         <size>0x20</size>
         <input_file_ref idref="fl-22"/>
      </object_component>
      <object_component id="oc-17d">
         <name>.const:g_ui16CANBitValues</name>
         <load_address>0x9588</load_address>
         <run_address>0x9588</run_address>
         <size>0x20</size>
         <input_file_ref idref="fl-15"/>
      </object_component>
      <object_component id="oc-184">
         <name>.const:McuPerClockConfigData</name>
         <load_address>0x95a8</load_address>
         <run_address>0x95a8</run_address>
         <size>0x18</size>
         <input_file_ref idref="fl-36"/>
      </object_component>
      <object_component id="oc-1d2">
         <name>.const:g_pui32Dii16Regs</name>
         <load_address>0x95c0</load_address>
         <run_address>0x95c0</run_address>
         <size>0x14</size>
         <input_file_ref idref="fl-22"/>
      </object_component>
      <object_component id="oc-1cf">
         <name>.const:g_pui32EnRegs</name>
         <load_address>0x95d4</load_address>
         <run_address>0x95d4</run_address>
         <size>0x14</size>
         <input_file_ref idref="fl-22"/>
      </object_component>
      <object_component id="oc-1d5">
         <name>.const:g_pui32PendRegs</name>
         <load_address>0x95e8</load_address>
         <run_address>0x95e8</run_address>
         <size>0x14</size>
         <input_file_ref idref="fl-22"/>
      </object_component>
      <object_component id="oc-1d8">
         <name>.const:g_pui32UnpendRegs</name>
         <load_address>0x95fc</load_address>
         <run_address>0x95fc</run_address>
         <size>0x14</size>
         <input_file_ref idref="fl-22"/>
      </object_component>
      <object_component id="oc-300">
         <name>.const:keymap</name>
         <load_address>0x9610</load_address>
         <run_address>0x9610</run_address>
         <size>0x10</size>
         <input_file_ref idref="fl-4"/>
      </object_component>
      <object_component id="oc-241">
         <name>.const:ComConfiguration</name>
         <load_address>0x9620</load_address>
         <run_address>0x9620</run_address>
         <size>0xc</size>
         <input_file_ref idref="fl-3f"/>
      </object_component>
      <object_component id="oc-3d9">
         <name>.const:ComIPduSignalRefs_Can_Message_1</name>
         <load_address>0x962c</load_address>
         <run_address>0x962c</run_address>
         <size>0xc</size>
         <input_file_ref idref="fl-3f"/>
      </object_component>
      <object_component id="oc-3dd">
         <name>.const:ComIPduSignalRefs_Can_Message_2</name>
         <load_address>0x9638</load_address>
         <run_address>0x9638</run_address>
         <size>0xc</size>
         <input_file_ref idref="fl-3f"/>
      </object_component>
      <object_component id="oc-1bd">
         <name>.const:g_pui32VCOFrequencies</name>
         <load_address>0x9644</load_address>
         <run_address>0x9644</run_address>
         <size>0x8</size>
         <input_file_ref idref="fl-2b"/>
      </object_component>
      <object_component id="oc-39a">
         <name>.const</name>
         <load_address>0x964c</load_address>
         <run_address>0x964c</run_address>
         <size>0x8</size>
         <input_file_ref idref="fl-1f"/>
      </object_component>
      <object_component id="oc-476">
         <name>.cinit..data.load</name>
         <load_address>0x9658</load_address>
         <run_address>0x9658</run_address>
         <size>0x1b8</size>
      </object_component>
      <object_component id="oc-473">
         <name>__TI_handler_table</name>
         <load_address>0x9810</load_address>
         <run_address>0x9810</run_address>
         <size>0xc</size>
      </object_component>
      <object_component id="oc-477">
         <name>.cinit..bss.load</name>
         <load_address>0x9820</load_address>
         <run_address>0x9820</run_address>
         <size>0x8</size>
      </object_component>
      <object_component id="oc-475">
         <name>.cinit..vtable.load</name>
         <load_address>0x9828</load_address>
         <run_address>0x9828</run_address>
         <size>0x8</size>
      </object_component>
      <object_component id="oc-474">
         <name>__TI_cinit_table</name>
         <load_address>0x9830</load_address>
         <run_address>0x9830</run_address>
         <size>0x18</size>
      </object_component>
      <object_component id="oc-1c6">
         <name>.vtable</name>
         <uninitialized>true</uninitialized>
         <run_address>0x20000000</run_address>
         <size>0x26c</size>
         <input_file_ref idref="fl-22"/>
      </object_component>
      <object_component id="oc-15f">
         <name>.data:EventsInTask</name>
         <load_address>0x20000748</load_address>
         <run_address>0x20000748</run_address>
         <size>0x20</size>
         <input_file_ref idref="fl-a"/>
      </object_component>
      <object_component id="oc-15c">
         <name>.data:TaskStruct</name>
         <load_address>0x200005f8</load_address>
         <run_address>0x200005f8</run_address>
         <size>0xa0</size>
         <input_file_ref idref="fl-a"/>
      </object_component>
      <object_component id="oc-273">
         <name>.data:CounterStruct</name>
         <load_address>0x200006e0</load_address>
         <run_address>0x200006e0</run_address>
         <size>0x3c</size>
         <input_file_ref idref="fl-a"/>
      </object_component>
      <object_component id="oc-27c">
         <name>.data:AlarmStruct</name>
         <load_address>0x200003c8</load_address>
         <run_address>0x200003c8</run_address>
         <size>0xf0</size>
         <input_file_ref idref="fl-a"/>
      </object_component>
      <object_component id="oc-276">
         <name>.data</name>
         <load_address>0x200008a0</load_address>
         <run_address>0x200008a0</run_address>
         <size>0x8</size>
         <input_file_ref idref="fl-b"/>
      </object_component>
      <object_component id="oc-8b">
         <name>.data</name>
         <load_address>0x2000071c</load_address>
         <run_address>0x2000071c</run_address>
         <size>0x2c</size>
         <input_file_ref idref="fl-f"/>
      </object_component>
      <object_component id="oc-322">
         <name>.data</name>
         <load_address>0x200007d0</load_address>
         <run_address>0x200007d0</run_address>
         <size>0x18</size>
         <input_file_ref idref="fl-11"/>
      </object_component>
      <object_component id="oc-32f">
         <name>.data</name>
         <load_address>0x200008bf</load_address>
         <run_address>0x200008bf</run_address>
         <size>0x1</size>
         <input_file_ref idref="fl-12"/>
      </object_component>
      <object_component id="oc-98">
         <name>.data</name>
         <load_address>0x200008cc</load_address>
         <run_address>0x200008cc</run_address>
         <size>0x4</size>
         <input_file_ref idref="fl-34"/>
      </object_component>
      <object_component id="oc-b6">
         <name>.data:state_transition_flag</name>
         <load_address>0x200008e1</load_address>
         <run_address>0x200008e1</run_address>
         <size>0x2</size>
         <input_file_ref idref="fl-36"/>
      </object_component>
      <object_component id="oc-bc">
         <name>.data</name>
         <load_address>0x200008d4</load_address>
         <run_address>0x200008d4</run_address>
         <size>0x3</size>
         <input_file_ref idref="fl-36"/>
      </object_component>
      <object_component id="oc-1f8">
         <name>.data:canif_cantp_value</name>
         <load_address>0x200008c8</load_address>
         <run_address>0x200008c8</run_address>
         <size>0x4</size>
         <input_file_ref idref="fl-37"/>
      </object_component>
      <object_component id="oc-1fc">
         <name>.data:canif_PduR_Value</name>
         <load_address>0x200008e3</load_address>
         <run_address>0x200008e3</run_address>
         <size>0x1</size>
         <input_file_ref idref="fl-37"/>
      </object_component>
      <object_component id="oc-1ff">
         <name>.data:canif_Comfrimation_Value</name>
         <load_address>0x200008c4</load_address>
         <run_address>0x200008c4</run_address>
         <size>0x4</size>
         <input_file_ref idref="fl-37"/>
      </object_component>
      <object_component id="oc-439">
         <name>.data:try</name>
         <load_address>0x200008b8</load_address>
         <run_address>0x200008b8</run_address>
         <size>0x7</size>
         <input_file_ref idref="fl-39"/>
      </object_component>
      <object_component id="oc-43c">
         <name>.data:CanIf_hrhRangeConfigTypeInstance</name>
         <load_address>0x20000898</load_address>
         <run_address>0x20000898</run_address>
         <size>0x8</size>
         <input_file_ref idref="fl-39"/>
      </object_component>
      <object_component id="oc-441">
         <name>.data:CanIfBufferCfgInstance</name>
         <load_address>0x200007a0</load_address>
         <run_address>0x200007a0</run_address>
         <size>0x18</size>
         <input_file_ref idref="fl-39"/>
      </object_component>
      <object_component id="oc-3ef">
         <name>.data:CanIf_rxPduConfigTypeInstance</name>
         <load_address>0x200004b8</load_address>
         <run_address>0x200004b8</run_address>
         <size>0xa0</size>
         <input_file_ref idref="fl-39"/>
      </object_component>
      <object_component id="oc-434">
         <name>.data:CanIfHthCfgInstance</name>
         <load_address>0x20000820</load_address>
         <run_address>0x20000820</run_address>
         <size>0x10</size>
         <input_file_ref idref="fl-39"/>
      </object_component>
      <object_component id="oc-3f2">
         <name>.data:CanIf_txPduConfigTypeInstance</name>
         <load_address>0x20000558</load_address>
         <run_address>0x20000558</run_address>
         <size>0xa0</size>
         <input_file_ref idref="fl-39"/>
      </object_component>
      <object_component id="oc-431">
         <name>.data:CanIfHrhCfgInstance</name>
         <load_address>0x20000810</load_address>
         <run_address>0x20000810</run_address>
         <size>0x10</size>
         <input_file_ref idref="fl-39"/>
      </object_component>
      <object_component id="oc-3ec">
         <name>.data:CanIfInitHohCfgInstance</name>
         <load_address>0x20000830</load_address>
         <run_address>0x20000830</run_address>
         <size>0x10</size>
         <input_file_ref idref="fl-39"/>
      </object_component>
      <object_component id="oc-34a">
         <name>.data:CanIf_initConfigTypeInstance</name>
         <load_address>0x20000698</load_address>
         <run_address>0x20000698</run_address>
         <size>0x48</size>
         <input_file_ref idref="fl-39"/>
      </object_component>
      <object_component id="oc-347">
         <name>.data:CanIfCtrlCfgInstance</name>
         <load_address>0x200007b8</load_address>
         <run_address>0x200007b8</run_address>
         <size>0x18</size>
         <input_file_ref idref="fl-39"/>
      </object_component>
      <object_component id="oc-244">
         <name>.data:CanIf_configTypeInstance</name>
         <load_address>0x20000890</load_address>
         <run_address>0x20000890</run_address>
         <size>0x8</size>
         <input_file_ref idref="fl-39"/>
      </object_component>
      <object_component id="oc-2cb">
         <name>.data:CanTpRunTimeData</name>
         <load_address>0x20000270</load_address>
         <run_address>0x20000270</run_address>
         <size>0x158</size>
         <input_file_ref idref="fl-3a"/>
      </object_component>
      <object_component id="oc-316">
         <name>.data:com_pdur</name>
         <load_address>0x200008df</load_address>
         <run_address>0x200008df</run_address>
         <size>0x2</size>
         <input_file_ref idref="fl-3c"/>
      </object_component>
      <object_component id="oc-30d">
         <name>.data</name>
         <load_address>0x200008c0</load_address>
         <run_address>0x200008c0</run_address>
         <size>0x4</size>
         <input_file_ref idref="fl-3c"/>
      </object_component>
      <object_component id="oc-3b2">
         <name>.data:ComAsuConfiguration</name>
         <load_address>0x2000087c</load_address>
         <run_address>0x2000087c</run_address>
         <size>0xc</size>
         <input_file_ref idref="fl-3d"/>
      </object_component>
      <object_component id="oc-365">
         <name>.data:canif_ids</name>
         <load_address>0x200008d7</load_address>
         <run_address>0x200008d7</run_address>
         <size>0x2</size>
         <input_file_ref idref="fl-41"/>
      </object_component>
      <object_component id="oc-36e">
         <name>.data:cantp_com_copy_tx</name>
         <load_address>0x200008db</load_address>
         <run_address>0x200008db</run_address>
         <size>0x2</size>
         <input_file_ref idref="fl-41"/>
      </object_component>
      <object_component id="oc-36b">
         <name>.data:cantp_com_rx_or_copy</name>
         <load_address>0x200008dd</load_address>
         <run_address>0x200008dd</run_address>
         <size>0x2</size>
         <input_file_ref idref="fl-41"/>
      </object_component>
      <object_component id="oc-368">
         <name>.data:cantp_cainf_FC</name>
         <load_address>0x200008d9</load_address>
         <run_address>0x200008d9</run_address>
         <size>0x2</size>
         <input_file_ref idref="fl-41"/>
      </object_component>
      <object_component id="oc-379">
         <name>.data:virtual_com</name>
         <load_address>0x200007fc</load_address>
         <run_address>0x200007fc</run_address>
         <size>0x14</size>
         <input_file_ref idref="fl-44"/>
      </object_component>
      <object_component id="oc-37c">
         <name>.data:real_com</name>
         <load_address>0x200007e8</load_address>
         <run_address>0x200007e8</run_address>
         <size>0x14</size>
         <input_file_ref idref="fl-44"/>
      </object_component>
      <object_component id="oc-37f">
         <name>.data:virtual_CanIf</name>
         <load_address>0x20000784</load_address>
         <run_address>0x20000784</run_address>
         <size>0x1c</size>
         <input_file_ref idref="fl-44"/>
      </object_component>
      <object_component id="oc-382">
         <name>.data:real_CanIf</name>
         <load_address>0x20000768</load_address>
         <run_address>0x20000768</run_address>
         <size>0x1c</size>
         <input_file_ref idref="fl-44"/>
      </object_component>
      <object_component id="oc-385">
         <name>.data:virtual_CanTp_rx</name>
         <load_address>0x20000860</load_address>
         <run_address>0x20000860</run_address>
         <size>0x10</size>
         <input_file_ref idref="fl-44"/>
      </object_component>
      <object_component id="oc-388">
         <name>.data:real_CanTp_rx</name>
         <load_address>0x20000850</load_address>
         <run_address>0x20000850</run_address>
         <size>0x10</size>
         <input_file_ref idref="fl-44"/>
      </object_component>
      <object_component id="oc-38b">
         <name>.data:virtual_CanTp_tx</name>
         <load_address>0x200008b0</load_address>
         <run_address>0x200008b0</run_address>
         <size>0x8</size>
         <input_file_ref idref="fl-44"/>
      </object_component>
      <object_component id="oc-38e">
         <name>.data:real_CanTp_tx</name>
         <load_address>0x200008a8</load_address>
         <run_address>0x200008a8</run_address>
         <size>0x8</size>
         <input_file_ref idref="fl-44"/>
      </object_component>
      <object_component id="oc-391">
         <name>.data:Com_type</name>
         <load_address>0x20000840</load_address>
         <run_address>0x20000840</run_address>
         <size>0x10</size>
         <input_file_ref idref="fl-44"/>
      </object_component>
      <object_component id="oc-131">
         <name>.data:$O1$$</name>
         <load_address>0x20000870</load_address>
         <run_address>0x20000870</run_address>
         <size>0xc</size>
         <input_file_ref idref="fl-104"/>
      </object_component>
      <object_component id="oc-86">
         <name>.data</name>
         <load_address>0x200008d0</load_address>
         <run_address>0x200008d0</run_address>
         <size>0x4</size>
         <input_file_ref idref="fl-10b"/>
      </object_component>
      <object_component id="oc-134">
         <name>.data:$O1$$</name>
         <load_address>0x20000888</load_address>
         <run_address>0x20000888</run_address>
         <size>0x8</size>
         <input_file_ref idref="fl-10d"/>
      </object_component>
      <object_component id="oc-28b">
         <name>.bss:IdleStack</name>
         <uninitialized>true</uninitialized>
         <run_address>0x200008e4</run_address>
         <size>0x200</size>
         <input_file_ref idref="fl-a"/>
      </object_component>
      <object_component id="oc-28e">
         <name>.bss:TaskStack1</name>
         <uninitialized>true</uninitialized>
         <run_address>0x20000ae4</run_address>
         <size>0x200</size>
         <input_file_ref idref="fl-a"/>
      </object_component>
      <object_component id="oc-156">
         <name>.bss:ReadyTasksLists</name>
         <uninitialized>true</uninitialized>
         <run_address>0x20000ce4</run_address>
         <size>0x64</size>
         <input_file_ref idref="fl-f"/>
      </object_component>
      <object_component id="oc-14d">
         <name>.bss:DelayedTaskList1</name>
         <uninitialized>true</uninitialized>
         <run_address>0x20000da4</run_address>
         <size>0x14</size>
         <input_file_ref idref="fl-f"/>
      </object_component>
      <object_component id="oc-150">
         <name>.bss:DelayedTaskList2</name>
         <uninitialized>true</uninitialized>
         <run_address>0x20000db8</run_address>
         <size>0x14</size>
         <input_file_ref idref="fl-f"/>
      </object_component>
      <object_component id="oc-153">
         <name>.bss</name>
         <uninitialized>true</uninitialized>
         <run_address>0x20000e28</run_address>
         <size>0x8</size>
         <input_file_ref idref="fl-f"/>
      </object_component>
      <object_component id="oc-159">
         <name>.bss:SuspendedTaskList</name>
         <uninitialized>true</uninitialized>
         <run_address>0x20000dcc</run_address>
         <size>0x14</size>
         <input_file_ref idref="fl-f"/>
      </object_component>
      <object_component id="oc-d5">
         <name>.bss:Int_enable_in_start_mode</name>
         <uninitialized>true</uninitialized>
         <run_address>0x20000e4b</run_address>
         <size>0x4</size>
         <input_file_ref idref="fl-36"/>
      </object_component>
      <object_component id="oc-d8">
         <name>.bss:Int_disable_in_stop_mode</name>
         <uninitialized>true</uninitialized>
         <run_address>0x20000e47</run_address>
         <size>0x4</size>
         <input_file_ref idref="fl-36"/>
      </object_component>
      <object_component id="oc-b9">
         <name>.bss:Can_ControllerMode</name>
         <uninitialized>true</uninitialized>
         <run_address>0x20000e37</run_address>
         <size>0x4</size>
         <input_file_ref idref="fl-36"/>
      </object_component>
      <object_component id="oc-c0">
         <name>.bss</name>
         <uninitialized>true</uninitialized>
         <run_address>0x20000e4f</run_address>
         <size>0x1</size>
         <input_file_ref idref="fl-36"/>
      </object_component>
      <object_component id="oc-d2">
         <name>.bss:IntDisableCount</name>
         <uninitialized>true</uninitialized>
         <run_address>0x20000e3f</run_address>
         <size>0x4</size>
         <input_file_ref idref="fl-36"/>
      </object_component>
      <object_component id="oc-cf">
         <name>.bss:IntEnableCount</name>
         <uninitialized>true</uninitialized>
         <run_address>0x20000e43</run_address>
         <size>0x4</size>
         <input_file_ref idref="fl-36"/>
      </object_component>
      <object_component id="oc-bf">
         <name>.bss:ErrorState$3</name>
         <uninitialized>true</uninitialized>
         <run_address>0x20000e3b</run_address>
         <size>0x4</size>
         <input_file_ref idref="fl-36"/>
      </object_component>
      <object_component id="oc-1fb">
         <name>.bss:arr$1</name>
         <uninitialized>true</uninitialized>
         <run_address>0x20000e20</run_address>
         <size>0x8</size>
         <input_file_ref idref="fl-37"/>
      </object_component>
      <object_component id="oc-2d7">
         <name>.bss:info$1</name>
         <uninitialized>true</uninitialized>
         <run_address>0x20000e08</run_address>
         <size>0xc</size>
         <input_file_ref idref="fl-43"/>
      </object_component>
      <object_component id="oc-279">
         <name>.common:CounterList</name>
         <uninitialized>true</uninitialized>
         <run_address>0x20000de0</run_address>
         <size>0x14</size>
      </object_component>
      <object_component id="oc-27f">
         <name>.common:DormantAlarmList</name>
         <uninitialized>true</uninitialized>
         <run_address>0x20000df4</run_address>
         <size>0x14</size>
      </object_component>
      <object_component id="oc-3c1">
         <name>.common:Position</name>
         <uninitialized>true</uninitialized>
         <run_address>0x20000e78</run_address>
         <size>0x4</size>
      </object_component>
      <object_component id="oc-325">
         <name>.common:key</name>
         <uninitialized>true</uninitialized>
         <run_address>0x20000e80</run_address>
         <size>0x1</size>
      </object_component>
      <object_component id="oc-328">
         <name>.common:arry</name>
         <uninitialized>true</uninitialized>
         <run_address>0x20000e14</run_address>
         <size>0xc</size>
      </object_component>
      <object_component id="oc-32a">
         <name>.common:seatsensorright</name>
         <uninitialized>true</uninitialized>
         <run_address>0x20000e82</run_address>
         <size>0x1</size>
      </object_component>
      <object_component id="oc-32d">
         <name>.common:seatsensorleft</name>
         <uninitialized>true</uninitialized>
         <run_address>0x20000e81</run_address>
         <size>0x1</size>
      </object_component>
      <object_component id="oc-32e">
         <name>.common:Regulator</name>
         <uninitialized>true</uninitialized>
         <run_address>0x20000e7c</run_address>
         <size>0x4</size>
      </object_component>
      <object_component id="oc-b3">
         <name>.common:Message_Confirmation</name>
         <uninitialized>true</uninitialized>
         <run_address>0x20000d80</run_address>
         <size>0x24</size>
      </object_component>
      <object_component id="oc-1e6">
         <name>.common:CanIf_ConfigPtr</name>
         <uninitialized>true</uninitialized>
         <run_address>0x20000e58</run_address>
         <size>0x4</size>
      </object_component>
      <object_component id="oc-1f7">
         <name>.common:CanIfPrivateCfgInst</name>
         <uninitialized>true</uninitialized>
         <run_address>0x20000e50</run_address>
         <size>0x4</size>
      </object_component>
      <object_component id="oc-1e9">
         <name>.common:CanIf_Global</name>
         <uninitialized>true</uninitialized>
         <run_address>0x20000e30</run_address>
         <size>0x7</size>
      </object_component>
      <object_component id="oc-1f6">
         <name>.common:CanIfRxPduCfg_Arr</name>
         <uninitialized>true</uninitialized>
         <run_address>0x20000e54</run_address>
         <size>0x4</size>
      </object_component>
      <object_component id="oc-30a">
         <name>.common:ComConfig</name>
         <uninitialized>true</uninitialized>
         <run_address>0x20000e5c</run_address>
         <size>0x4</size>
      </object_component>
      <object_component id="oc-425">
         <name>.common:Com_Asu_IPdu</name>
         <uninitialized>true</uninitialized>
         <run_address>0x20000d48</run_address>
         <size>0x38</size>
      </object_component>
      <object_component id="oc-3e2">
         <name>.common:ComSignalBuffer_1</name>
         <uninitialized>true</uninitialized>
         <run_address>0x20000e68</run_address>
         <size>0x4</size>
      </object_component>
      <object_component id="oc-3e3">
         <name>.common:ComSignalBuffer_2</name>
         <uninitialized>true</uninitialized>
         <run_address>0x20000e6c</run_address>
         <size>0x4</size>
      </object_component>
      <object_component id="oc-3e4">
         <name>.common:ComSignalBuffer_3</name>
         <uninitialized>true</uninitialized>
         <run_address>0x20000e70</run_address>
         <size>0x4</size>
      </object_component>
      <object_component id="oc-3e5">
         <name>.common:ComSignalBuffer_4</name>
         <uninitialized>true</uninitialized>
         <run_address>0x20000e74</run_address>
         <size>0x4</size>
      </object_component>
      <object_component id="oc-3d8">
         <name>.common:ComIPduBuffer_1</name>
         <uninitialized>true</uninitialized>
         <run_address>0x20000e60</run_address>
         <size>0x4</size>
      </object_component>
      <object_component id="oc-3dc">
         <name>.common:ComIPduBuffer_2</name>
         <uninitialized>true</uninitialized>
         <run_address>0x20000e64</run_address>
         <size>0x4</size>
      </object_component>
      <object_component id="oc-2a">
         <name>.stack</name>
         <uninitialized>true</uninitialized>
         <run_address>0x20000e84</run_address>
         <size>0x0</size>
         <input_file_ref idref="fl-100"/>
      </object_component>
      <object_component id="oc-478">
         <name>.stack</name>
         <uninitialized>true</uninitialized>
         <run_address>0x20000e84</run_address>
         <size>0x0</size>
      </object_component>
      <object_component id="oc-2fb">
         <name>.debug_info</name>
         <load_address>0x0</load_address>
         <run_address>0x0</run_address>
         <size>0x19d</size>
         <input_file_ref idref="fl-2"/>
      </object_component>
      <object_component id="oc-4b">
         <name>.debug_info</name>
         <load_address>0x19d</load_address>
         <run_address>0x19d</run_address>
         <size>0x84</size>
         <input_file_ref idref="fl-2"/>
      </object_component>
      <object_component id="oc-e8">
         <name>.debug_info</name>
         <load_address>0x221</load_address>
         <run_address>0x221</run_address>
         <size>0x18b</size>
         <input_file_ref idref="fl-2"/>
      </object_component>
      <object_component id="oc-21d">
         <name>.debug_info</name>
         <load_address>0x3ac</load_address>
         <run_address>0x3ac</run_address>
         <size>0x154</size>
         <input_file_ref idref="fl-3"/>
      </object_component>
      <object_component id="oc-3a8">
         <name>.debug_info</name>
         <load_address>0x500</load_address>
         <run_address>0x500</run_address>
         <size>0x287</size>
         <input_file_ref idref="fl-4"/>
      </object_component>
      <object_component id="oc-301">
         <name>.debug_info</name>
         <load_address>0x787</load_address>
         <run_address>0x787</run_address>
         <size>0xcb</size>
         <input_file_ref idref="fl-4"/>
      </object_component>
      <object_component id="oc-221">
         <name>.debug_info</name>
         <load_address>0x852</load_address>
         <run_address>0x852</run_address>
         <size>0x1ba</size>
         <input_file_ref idref="fl-4"/>
      </object_component>
      <object_component id="oc-215">
         <name>.debug_info</name>
         <load_address>0xa0c</load_address>
         <run_address>0xa0c</run_address>
         <size>0x1cc</size>
         <input_file_ref idref="fl-5"/>
      </object_component>
      <object_component id="oc-de">
         <name>.debug_info</name>
         <load_address>0xbd8</load_address>
         <run_address>0xbd8</run_address>
         <size>0x175</size>
         <input_file_ref idref="fl-6"/>
      </object_component>
      <object_component id="oc-176">
         <name>.debug_info</name>
         <load_address>0xd4d</load_address>
         <run_address>0xd4d</run_address>
         <size>0xa12</size>
         <input_file_ref idref="fl-7"/>
      </object_component>
      <object_component id="oc-12a">
         <name>.debug_info</name>
         <load_address>0x175f</load_address>
         <run_address>0x175f</run_address>
         <size>0x2fa</size>
         <input_file_ref idref="fl-7"/>
      </object_component>
      <object_component id="oc-195">
         <name>.debug_info</name>
         <load_address>0x1a59</load_address>
         <run_address>0x1a59</run_address>
         <size>0x1ce</size>
         <input_file_ref idref="fl-7"/>
      </object_component>
      <object_component id="oc-19f">
         <name>.debug_info</name>
         <load_address>0x1c27</load_address>
         <run_address>0x1c27</run_address>
         <size>0x8fc</size>
         <input_file_ref idref="fl-7"/>
      </object_component>
      <object_component id="oc-18b">
         <name>.debug_info</name>
         <load_address>0x2523</load_address>
         <run_address>0x2523</run_address>
         <size>0x676</size>
         <input_file_ref idref="fl-7"/>
      </object_component>
      <object_component id="oc-190">
         <name>.debug_info</name>
         <load_address>0x2b99</load_address>
         <run_address>0x2b99</run_address>
         <size>0x55b</size>
         <input_file_ref idref="fl-7"/>
      </object_component>
      <object_component id="oc-fc">
         <name>.debug_info</name>
         <load_address>0x30f4</load_address>
         <run_address>0x30f4</run_address>
         <size>0x175</size>
         <input_file_ref idref="fl-7"/>
      </object_component>
      <object_component id="oc-ed">
         <name>.debug_info</name>
         <load_address>0x3269</load_address>
         <run_address>0x3269</run_address>
         <size>0x9aa</size>
         <input_file_ref idref="fl-7"/>
      </object_component>
      <object_component id="oc-1a4">
         <name>.debug_info</name>
         <load_address>0x3c13</load_address>
         <run_address>0x3c13</run_address>
         <size>0x306</size>
         <input_file_ref idref="fl-7"/>
      </object_component>
      <object_component id="oc-f7">
         <name>.debug_info</name>
         <load_address>0x3f19</load_address>
         <run_address>0x3f19</run_address>
         <size>0x1a2</size>
         <input_file_ref idref="fl-7"/>
      </object_component>
      <object_component id="oc-163">
         <name>.debug_info</name>
         <load_address>0x40bb</load_address>
         <run_address>0x40bb</run_address>
         <size>0xda</size>
         <input_file_ref idref="fl-7"/>
      </object_component>
      <object_component id="oc-2db">
         <name>.debug_info</name>
         <load_address>0x4195</load_address>
         <run_address>0x4195</run_address>
         <size>0x6c</size>
         <input_file_ref idref="fl-7"/>
      </object_component>
      <object_component id="oc-19a">
         <name>.debug_info</name>
         <load_address>0x4201</load_address>
         <run_address>0x4201</run_address>
         <size>0x190</size>
         <input_file_ref idref="fl-7"/>
      </object_component>
      <object_component id="oc-171">
         <name>.debug_info</name>
         <load_address>0x4391</load_address>
         <run_address>0x4391</run_address>
         <size>0x468</size>
         <input_file_ref idref="fl-7"/>
      </object_component>
      <object_component id="oc-267">
         <name>.debug_info</name>
         <load_address>0x47f9</load_address>
         <run_address>0x47f9</run_address>
         <size>0xc4</size>
         <input_file_ref idref="fl-7"/>
      </object_component>
      <object_component id="oc-26c">
         <name>.debug_info</name>
         <load_address>0x48bd</load_address>
         <run_address>0x48bd</run_address>
         <size>0x480</size>
         <input_file_ref idref="fl-7"/>
      </object_component>
      <object_component id="oc-178">
         <name>.debug_info</name>
         <load_address>0x4d3d</load_address>
         <run_address>0x4d3d</run_address>
         <size>0x8b</size>
         <input_file_ref idref="fl-7"/>
      </object_component>
      <object_component id="oc-24b">
         <name>.debug_info</name>
         <load_address>0x4dc8</load_address>
         <run_address>0x4dc8</run_address>
         <size>0x53</size>
         <input_file_ref idref="fl-7"/>
      </object_component>
      <object_component id="oc-9d">
         <name>.debug_info</name>
         <load_address>0x4e1b</load_address>
         <run_address>0x4e1b</run_address>
         <size>0x2c</size>
         <input_file_ref idref="fl-7"/>
      </object_component>
      <object_component id="oc-3c9">
         <name>.debug_info</name>
         <load_address>0x4e47</load_address>
         <run_address>0x4e47</run_address>
         <size>0xa1</size>
         <input_file_ref idref="fl-7"/>
      </object_component>
      <object_component id="oc-a2">
         <name>.debug_info</name>
         <load_address>0x4ee8</load_address>
         <run_address>0x4ee8</run_address>
         <size>0x53</size>
         <input_file_ref idref="fl-7"/>
      </object_component>
      <object_component id="oc-16c">
         <name>.debug_info</name>
         <load_address>0x4f3b</load_address>
         <run_address>0x4f3b</run_address>
         <size>0x14c</size>
         <input_file_ref idref="fl-7"/>
      </object_component>
      <object_component id="oc-44">
         <name>.debug_info</name>
         <load_address>0x5087</load_address>
         <run_address>0x5087</run_address>
         <size>0x34a</size>
         <input_file_ref idref="fl-8"/>
      </object_component>
      <object_component id="oc-10">
         <name>.debug_info</name>
         <load_address>0x53d1</load_address>
         <run_address>0x53d1</run_address>
         <size>0xe9</size>
         <input_file_ref idref="fl-8"/>
      </object_component>
      <object_component id="oc-2c">
         <name>.debug_info</name>
         <load_address>0x54ba</load_address>
         <run_address>0x54ba</run_address>
         <size>0x265</size>
         <input_file_ref idref="fl-8"/>
      </object_component>
      <object_component id="oc-293">
         <name>.debug_info</name>
         <load_address>0x571f</load_address>
         <run_address>0x571f</run_address>
         <size>0x298</size>
         <input_file_ref idref="fl-a"/>
      </object_component>
      <object_component id="oc-248">
         <name>.debug_info</name>
         <load_address>0x59b7</load_address>
         <run_address>0x59b7</run_address>
         <size>0x333</size>
         <input_file_ref idref="fl-a"/>
      </object_component>
      <object_component id="oc-160">
         <name>.debug_info</name>
         <load_address>0x5cea</load_address>
         <run_address>0x5cea</run_address>
         <size>0xd8</size>
         <input_file_ref idref="fl-a"/>
      </object_component>
      <object_component id="oc-28c">
         <name>.debug_info</name>
         <load_address>0x5dc2</load_address>
         <run_address>0x5dc2</run_address>
         <size>0xd1</size>
         <input_file_ref idref="fl-a"/>
      </object_component>
      <object_component id="oc-28f">
         <name>.debug_info</name>
         <load_address>0x5e93</load_address>
         <run_address>0x5e93</run_address>
         <size>0xd3</size>
         <input_file_ref idref="fl-a"/>
      </object_component>
      <object_component id="oc-15d">
         <name>.debug_info</name>
         <load_address>0x5f66</load_address>
         <run_address>0x5f66</run_address>
         <size>0xd4</size>
         <input_file_ref idref="fl-a"/>
      </object_component>
      <object_component id="oc-274">
         <name>.debug_info</name>
         <load_address>0x603a</load_address>
         <run_address>0x603a</run_address>
         <size>0xda</size>
         <input_file_ref idref="fl-a"/>
      </object_component>
      <object_component id="oc-27d">
         <name>.debug_info</name>
         <load_address>0x6114</load_address>
         <run_address>0x6114</run_address>
         <size>0xd6</size>
         <input_file_ref idref="fl-a"/>
      </object_component>
      <object_component id="oc-27a">
         <name>.debug_info</name>
         <load_address>0x61ea</load_address>
         <run_address>0x61ea</run_address>
         <size>0x5d4</size>
         <input_file_ref idref="fl-b"/>
      </object_component>
      <object_component id="oc-277">
         <name>.debug_info</name>
         <load_address>0x67be</load_address>
         <run_address>0x67be</run_address>
         <size>0x128</size>
         <input_file_ref idref="fl-b"/>
      </object_component>
      <object_component id="oc-148">
         <name>.debug_info</name>
         <load_address>0x68e6</load_address>
         <run_address>0x68e6</run_address>
         <size>0xcbd</size>
         <input_file_ref idref="fl-b"/>
      </object_component>
      <object_component id="oc-31b">
         <name>.debug_info</name>
         <load_address>0x75a3</load_address>
         <run_address>0x75a3</run_address>
         <size>0x478</size>
         <input_file_ref idref="fl-c"/>
      </object_component>
      <object_component id="oc-22f">
         <name>.debug_info</name>
         <load_address>0x7a1b</load_address>
         <run_address>0x7a1b</run_address>
         <size>0x554</size>
         <input_file_ref idref="fl-c"/>
      </object_component>
      <object_component id="oc-13e">
         <name>.debug_info</name>
         <load_address>0x7f6f</load_address>
         <run_address>0x7f6f</run_address>
         <size>0x660</size>
         <input_file_ref idref="fl-f"/>
      </object_component>
      <object_component id="oc-8c">
         <name>.debug_info</name>
         <load_address>0x85cf</load_address>
         <run_address>0x85cf</run_address>
         <size>0x2a0</size>
         <input_file_ref idref="fl-f"/>
      </object_component>
      <object_component id="oc-157">
         <name>.debug_info</name>
         <load_address>0x886f</load_address>
         <run_address>0x886f</run_address>
         <size>0xdd</size>
         <input_file_ref idref="fl-f"/>
      </object_component>
      <object_component id="oc-14e">
         <name>.debug_info</name>
         <load_address>0x894c</load_address>
         <run_address>0x894c</run_address>
         <size>0xdf</size>
         <input_file_ref idref="fl-f"/>
      </object_component>
      <object_component id="oc-151">
         <name>.debug_info</name>
         <load_address>0x8a2b</load_address>
         <run_address>0x8a2b</run_address>
         <size>0xdf</size>
         <input_file_ref idref="fl-f"/>
      </object_component>
      <object_component id="oc-154">
         <name>.debug_info</name>
         <load_address>0x8b0a</load_address>
         <run_address>0x8b0a</run_address>
         <size>0x11f</size>
         <input_file_ref idref="fl-f"/>
      </object_component>
      <object_component id="oc-15a">
         <name>.debug_info</name>
         <load_address>0x8c29</load_address>
         <run_address>0x8c29</run_address>
         <size>0xe1</size>
         <input_file_ref idref="fl-f"/>
      </object_component>
      <object_component id="oc-93">
         <name>.debug_info</name>
         <load_address>0x8d0a</load_address>
         <run_address>0x8d0a</run_address>
         <size>0xdbf</size>
         <input_file_ref idref="fl-f"/>
      </object_component>
      <object_component id="oc-3c2">
         <name>.debug_info</name>
         <load_address>0x9ac9</load_address>
         <run_address>0x9ac9</run_address>
         <size>0x4eb</size>
         <input_file_ref idref="fl-10"/>
      </object_component>
      <object_component id="oc-31d">
         <name>.debug_info</name>
         <load_address>0x9fb4</load_address>
         <run_address>0x9fb4</run_address>
         <size>0x618</size>
         <input_file_ref idref="fl-10"/>
      </object_component>
      <object_component id="oc-326">
         <name>.debug_info</name>
         <load_address>0xa5cc</load_address>
         <run_address>0xa5cc</run_address>
         <size>0x3ab</size>
         <input_file_ref idref="fl-11"/>
      </object_component>
      <object_component id="oc-323">
         <name>.debug_info</name>
         <load_address>0xa977</load_address>
         <run_address>0xa977</run_address>
         <size>0x16b</size>
         <input_file_ref idref="fl-11"/>
      </object_component>
      <object_component id="oc-233">
         <name>.debug_info</name>
         <load_address>0xaae2</load_address>
         <run_address>0xaae2</run_address>
         <size>0x2a2</size>
         <input_file_ref idref="fl-11"/>
      </object_component>
      <object_component id="oc-32b">
         <name>.debug_info</name>
         <load_address>0xad84</load_address>
         <run_address>0xad84</run_address>
         <size>0x51a</size>
         <input_file_ref idref="fl-12"/>
      </object_component>
      <object_component id="oc-330">
         <name>.debug_info</name>
         <load_address>0xb29e</load_address>
         <run_address>0xb29e</run_address>
         <size>0xdc</size>
         <input_file_ref idref="fl-12"/>
      </object_component>
      <object_component id="oc-239">
         <name>.debug_info</name>
         <load_address>0xb37a</load_address>
         <run_address>0xb37a</run_address>
         <size>0x2ae</size>
         <input_file_ref idref="fl-12"/>
      </object_component>
      <object_component id="oc-181">
         <name>.debug_info</name>
         <load_address>0xb628</load_address>
         <run_address>0xb628</run_address>
         <size>0x325</size>
         <input_file_ref idref="fl-15"/>
      </object_component>
      <object_component id="oc-17e">
         <name>.debug_info</name>
         <load_address>0xb94d</load_address>
         <run_address>0xb94d</run_address>
         <size>0xe9</size>
         <input_file_ref idref="fl-15"/>
      </object_component>
      <object_component id="oc-a8">
         <name>.debug_info</name>
         <load_address>0xba36</load_address>
         <run_address>0xba36</run_address>
         <size>0x1842</size>
         <input_file_ref idref="fl-15"/>
      </object_component>
      <object_component id="oc-f2">
         <name>.debug_info</name>
         <load_address>0xd278</load_address>
         <run_address>0xd278</run_address>
         <size>0x1b3</size>
         <input_file_ref idref="fl-15"/>
      </object_component>
      <object_component id="oc-1b5">
         <name>.debug_info</name>
         <load_address>0xd42b</load_address>
         <run_address>0xd42b</run_address>
         <size>0x336</size>
         <input_file_ref idref="fl-17"/>
      </object_component>
      <object_component id="oc-3a4">
         <name>.debug_info</name>
         <load_address>0xd761</load_address>
         <run_address>0xd761</run_address>
         <size>0x34d</size>
         <input_file_ref idref="fl-1f"/>
      </object_component>
      <object_component id="oc-398">
         <name>.debug_info</name>
         <load_address>0xdaae</load_address>
         <run_address>0xdaae</run_address>
         <size>0xfa</size>
         <input_file_ref idref="fl-1f"/>
      </object_component>
      <object_component id="oc-39b">
         <name>.debug_info</name>
         <load_address>0xdba8</load_address>
         <run_address>0xdba8</run_address>
         <size>0x148</size>
         <input_file_ref idref="fl-1f"/>
      </object_component>
      <object_component id="oc-39e">
         <name>.debug_info</name>
         <load_address>0xdcf0</load_address>
         <run_address>0xdcf0</run_address>
         <size>0xfc</size>
         <input_file_ref idref="fl-1f"/>
      </object_component>
      <object_component id="oc-3a1">
         <name>.debug_info</name>
         <load_address>0xddec</load_address>
         <run_address>0xddec</run_address>
         <size>0xee</size>
         <input_file_ref idref="fl-1f"/>
      </object_component>
      <object_component id="oc-2f4">
         <name>.debug_info</name>
         <load_address>0xdeda</load_address>
         <run_address>0xdeda</run_address>
         <size>0x311d</size>
         <input_file_ref idref="fl-1f"/>
      </object_component>
      <object_component id="oc-1dc">
         <name>.debug_info</name>
         <load_address>0x10ff7</load_address>
         <run_address>0x10ff7</run_address>
         <size>0x325</size>
         <input_file_ref idref="fl-22"/>
      </object_component>
      <object_component id="oc-1ca">
         <name>.debug_info</name>
         <load_address>0x1131c</load_address>
         <run_address>0x1131c</run_address>
         <size>0xe9</size>
         <input_file_ref idref="fl-22"/>
      </object_component>
      <object_component id="oc-1cd">
         <name>.debug_info</name>
         <load_address>0x11405</load_address>
         <run_address>0x11405</run_address>
         <size>0xe1</size>
         <input_file_ref idref="fl-22"/>
      </object_component>
      <object_component id="oc-1d0">
         <name>.debug_info</name>
         <load_address>0x114e6</load_address>
         <run_address>0x114e6</run_address>
         <size>0xe5</size>
         <input_file_ref idref="fl-22"/>
      </object_component>
      <object_component id="oc-1d3">
         <name>.debug_info</name>
         <load_address>0x115cb</load_address>
         <run_address>0x115cb</run_address>
         <size>0xeb</size>
         <input_file_ref idref="fl-22"/>
      </object_component>
      <object_component id="oc-1d6">
         <name>.debug_info</name>
         <load_address>0x116b6</load_address>
[...]
      </symbol>
      <symbol id="sm-a2d">
         <name>try</name>
         <value>0x200008b8</value>
         <object_component_ref idref="oc-439"/>
      </symbol>
      <symbol id="sm-a2e">
         <name>CanIf_rxPduConfigTypeInstance</name>
         <value>0x200004b8</value>
         <object_component_ref idref="oc-3ef"/>
      </symbol>
      <symbol id="sm-a2f">
         <name>CanIf_initConfigTypeInstance</name>
         <value>0x20000698</value>
         <object_component_ref idref="oc-34a"/>
      </symbol>
      <symbol id="sm-a30">
         <name>CanIf_configTypeInstance</name>
         <value>0x20000890</value>
         <object_component_ref idref="oc-244"/>
      </symbol>
      <symbol id="sm-a31">
         <name>CanIfCtrlCfgInstance</name>
         <value>0x200007b8</value>
         <object_component_ref idref="oc-347"/>
      </symbol>
      <symbol id="sm-a39">
         <name>CanTpRunTimeData</name>
         <value>0x20000270</value>
         <object_component_ref idref="oc-2cb"/>
      </symbol>
      <symbol id="sm-a51">
         <name>CanTp_TxNSdu</name>
         <value>0x9448</value>
         <object_component_ref idref="oc-336"/>
      </symbol>
      <symbol id="sm-a52">
         <name>CanTp_RxNSdu</name>
         <value>0x92f8</value>
         <object_component_ref idref="oc-333"/>
      </symbol>
      <symbol id="sm-a53">
         <name>CanTp_Config</name>
         <value>0x9548</value>
         <object_component_ref idref="oc-23e"/>
      </symbol>
      <symbol id="sm-ad8">
         <name>ComConfig</name>
         <value>0x20000e5c</value>
      </symbol>
      <symbol id="sm-ad9">
         <name>Com_TpRxIndication</name>
         <value>0x5745</value>
         <object_component_ref idref="oc-226"/>
      </symbol>
      <symbol id="sm-ada">
         <name>Com_MainFunctionRx</name>
         <value>0x509f</value>
         <object_component_ref idref="oc-226"/>
      </symbol>
      <symbol id="sm-adb">
         <name>Com_MainFunctionTx</name>
         <value>0x51dd</value>
         <object_component_ref idref="oc-226"/>
      </symbol>
      <symbol id="sm-adc">
         <name>Com_StartOfReception</name>
         <value>0x56b9</value>
         <object_component_ref idref="oc-226"/>
      </symbol>
      <symbol id="sm-add">
         <name>Com_ReceiveSignal</name>
         <value>0x53fb</value>
         <object_component_ref idref="oc-226"/>
      </symbol>
      <symbol id="sm-ade">
         <name>Com_TriggerIPDUSend</name>
         <value>0x5589</value>
         <object_component_ref idref="oc-226"/>
      </symbol>
      <symbol id="sm-adf">
         <name>Com_RxIndication</name>
         <value>0x5651</value>
         <object_component_ref idref="oc-226"/>
      </symbol>
      <symbol id="sm-ae0">
         <name>Com_TpTxConfirmation</name>
         <value>0x57a9</value>
         <object_component_ref idref="oc-226"/>
      </symbol>
      <symbol id="sm-ae1">
         <name>Com_SendSignal</name>
         <value>0x5315</value>
         <object_component_ref idref="oc-226"/>
      </symbol>
      <symbol id="sm-ae2">
         <name>Com_Init</name>
         <value>0x4ef1</value>
         <object_component_ref idref="oc-226"/>
      </symbol>
      <symbol id="sm-ae3">
         <name>Com_CopyTxData</name>
         <value>0x5459</value>
         <object_component_ref idref="oc-226"/>
      </symbol>
      <symbol id="sm-ae4">
         <name>Com_CopyRxData</name>
         <value>0x54f5</value>
         <object_component_ref idref="oc-226"/>
      </symbol>
      <symbol id="sm-ae5">
         <name>com_pdur</name>
         <value>0x200008df</value>
         <object_component_ref idref="oc-316"/>
      </symbol>
      <symbol id="sm-af1">
         <name>Com_Asu_IPdu</name>
         <value>0x20000d48</value>
      </symbol>
      <symbol id="sm-af2">
         <name>ComAsuConfiguration</name>
         <value>0x2000087c</value>
         <object_component_ref idref="oc-3b2"/>
      </symbol>
      <symbol id="sm-b16">
         <name>Com_ReadSignalDataFromPduBuffer</name>
         <value>0x7445</value>
         <object_component_ref idref="oc-304"/>
      </symbol>
      <symbol id="sm-b17">
         <name>Com_WriteSignalDataToPduBuffer</name>
         <value>0x71d5</value>
         <object_component_ref idref="oc-304"/>
      </symbol>
      <symbol id="sm-b18">
         <name>Com_UnPackSignalsFromPdu</name>
         <value>0x7171</value>
         <object_component_ref idref="oc-304"/>
      </symbol>
      <symbol id="sm-b19">
         <name>Com_WriteSignalDataToSignalBuffer</name>
         <value>0x7631</value>
         <object_component_ref idref="oc-304"/>
      </symbol>
      <symbol id="sm-b1a">
         <name>Com_PackSignalsToPdu</name>
         <value>0x710d</value>
         <object_component_ref idref="oc-304"/>
      </symbol>
      <symbol id="sm-b1b">
         <name>Com_ReadSignalDataFromSignalBuffer</name>
         <value>0x7665</value>
         <object_component_ref idref="oc-304"/>
      </symbol>
      <symbol id="sm-b3f">
         <name>ComSignalBuffer_1</name>
         <value>0x20000e68</value>
      </symbol>
      <symbol id="sm-b40">
         <name>ComSignalBuffer_2</name>
         <value>0x20000e6c</value>
      </symbol>
      <symbol id="sm-b41">
         <name>ComSignalBuffer_3</name>
         <value>0x20000e70</value>
      </symbol>
      <symbol id="sm-b42">
         <name>ComSignalBuffer_4</name>
         <value>0x20000e74</value>
      </symbol>
      <symbol id="sm-b43">
         <name>ComIPduBuffer_1</name>
         <value>0x20000e60</value>
      </symbol>
      <symbol id="sm-b44">
         <name>ComIPduBuffer_2</name>
         <value>0x20000e64</value>
      </symbol>
      <symbol id="sm-b45">
         <name>ComConfiguration</name>
         <value>0x9620</value>
         <object_component_ref idref="oc-241"/>
      </symbol>
      <symbol id="sm-b46">
         <name>ComIPduSignalRefs_Can_Message_1</name>
         <value>0x962c</value>
         <object_component_ref idref="oc-3d9"/>
      </symbol>
      <symbol id="sm-b47">
         <name>ComIPduSignalRefs_Can_Message_2</name>
         <value>0x9638</value>
         <object_component_ref idref="oc-3dd"/>
      </symbol>
      <symbol id="sm-b48">
         <name>ComSignal</name>
         <value>0x93e4</value>
         <object_component_ref idref="oc-340"/>
      </symbol>
      <symbol id="sm-b49">
         <name>ComIPdu</name>
         <value>0x9498</value>
         <object_component_ref idref="oc-33d"/>
      </symbol>
      <symbol id="sm-b5a">
         <name>power</name>
         <value>0x8877</value>
         <object_component_ref idref="oc-310"/>
      </symbol>
      <symbol id="sm-b5b">
         <name>validateSignalID</name>
         <value>0x885d</value>
         <object_component_ref idref="oc-310"/>
      </symbol>
      <symbol id="sm-bf7">
         <name>cantp_cainf_FC</name>
         <value>0x200008d9</value>
         <object_component_ref idref="oc-368"/>
      </symbol>
      <symbol id="sm-bf8">
         <name>cantp_com_rx_or_copy</name>
         <value>0x200008dd</value>
         <object_component_ref idref="oc-36b"/>
      </symbol>
      <symbol id="sm-bf9">
         <name>getPduLength</name>
         <value>0x2f2d</value>
         <object_component_ref idref="oc-2c0"/>
      </symbol>
      <symbol id="sm-bfa">
         <name>sendFlowControlFrame</name>
         <value>0x3657</value>
         <object_component_ref idref="oc-2c0"/>
      </symbol>
      <symbol id="sm-bfb">
         <name>handleNextTxFrameSent</name>
         <value>0x3549</value>
         <object_component_ref idref="oc-2c0"/>
      </symbol>
      <symbol id="sm-bfc">
         <name>getFrameType</name>
         <value>0x2e8f</value>
         <object_component_ref idref="oc-2c0"/>
      </symbol>
      <symbol id="sm-bfd">
         <name>copySegmentToPduRRxBuffer</name>
         <value>0x2dc9</value>
         <object_component_ref idref="oc-2c0"/>
      </symbol>
      <symbol id="sm-bfe">
         <name>copySegmentToLocalRxBuffer</name>
         <value>0x2e2d</value>
         <object_component_ref idref="oc-2c0"/>
      </symbol>
      <symbol id="sm-bff">
         <name>handleConsecutiveFrame</name>
         <value>0x335d</value>
         <object_component_ref idref="oc-2c0"/>
      </symbol>
      <symbol id="sm-c00">
         <name>handleFlowControlFrame</name>
         <value>0x328f</value>
         <object_component_ref idref="oc-2c0"/>
      </symbol>
      <symbol id="sm-c01">
         <name>cantp_com_copy_tx</name>
         <value>0x200008db</value>
         <object_component_ref idref="oc-36e"/>
      </symbol>
      <symbol id="sm-c02">
         <name>sendNextTxFrame</name>
         <value>0x37a3</value>
         <object_component_ref idref="oc-2c0"/>
      </symbol>
      <symbol id="sm-c03">
         <name>handleFirstFrame</name>
         <value>0x3123</value>
         <object_component_ref idref="oc-2c0"/>
      </symbol>
      <symbol id="sm-c04">
         <name>canReceivePaddingHelper</name>
         <value>0x2d43</value>
         <object_component_ref idref="oc-2c0"/>
      </symbol>
      <symbol id="sm-c05">
         <name>calcRequiredProtocolFrameType</name>
         <value>0x2fb5</value>
         <object_component_ref idref="oc-2c0"/>
      </symbol>
      <symbol id="sm-c06">
         <name>handleSingleFrame</name>
         <value>0x301d</value>
         <object_component_ref idref="oc-2c0"/>
      </symbol>
      <symbol id="sm-c07">
         <name>canTansmitPaddingHelper</name>
         <value>0x2cc9</value>
         <object_component_ref idref="oc-2c0"/>
      </symbol>
      <symbol id="sm-c08">
         <name>canif_ids</name>
         <value>0x200008d7</value>
         <object_component_ref idref="oc-365"/>
      </symbol>
      <symbol id="sm-c23">
         <name>PduR_ComTransmit</name>
         <value>0x82d5</value>
         <object_component_ref idref="oc-1f0"/>
      </symbol>
      <symbol id="sm-c24">
         <name>PduR_CanTpRxIndication</name>
         <value>0x836f</value>
         <object_component_ref idref="oc-1f0"/>
      </symbol>
      <symbol id="sm-c25">
         <name>PduR_CanIfRxIndication</name>
         <value>0x832b</value>
         <object_component_ref idref="oc-1f0"/>
      </symbol>
      <symbol id="sm-c26">
         <name>PduR_CanTpCopyTxData</name>
         <value>0x83b9</value>
         <object_component_ref idref="oc-1f0"/>
      </symbol>
      <symbol id="sm-c27">
         <name>PduR_CanTpCopyRxData</name>
         <value>0x8349</value>
         <object_component_ref idref="oc-1f0"/>
      </symbol>
      <symbol id="sm-c28">
         <name>PduR_CanTpStartOfReception</name>
         <value>0x838f</value>
         <object_component_ref idref="oc-1f0"/>
      </symbol>
      <symbol id="sm-c86">
         <name>real_com</name>
         <value>0x200007e8</value>
         <object_component_ref idref="oc-37c"/>
      </symbol>
      <symbol id="sm-c87">
         <name>real_CanTp_rx</name>
         <value>0x20000850</value>
         <object_component_ref idref="oc-388"/>
      </symbol>
      <symbol id="sm-c88">
         <name>real_CanTp_tx</name>
         <value>0x200008a8</value>
         <object_component_ref idref="oc-38e"/>
      </symbol>
      <symbol id="sm-c89">
         <name>Com_type</name>
         <value>0x20000840</value>
         <object_component_ref idref="oc-391"/>
      </symbol>
      <symbol id="sm-c8a">
         <name>real_CanIf</name>
         <value>0x20000768</value>
         <object_component_ref idref="oc-382"/>
      </symbol>
      <symbol id="sm-c8b">
         <name>virtual_CanTp_rx</name>
         <value>0x20000860</value>
         <object_component_ref idref="oc-385"/>
      </symbol>
      <symbol id="sm-c8c">
         <name>virtual_CanTp_tx</name>
         <value>0x200008b0</value>
         <object_component_ref idref="oc-38b"/>
      </symbol>
      <symbol id="sm-c8d">
         <name>get_type</name>
         <value>0x7ebb</value>
         <object_component_ref idref="oc-2d1"/>
      </symbol>
      <symbol id="sm-c8e">
         <name>virtual_CanIf</name>
         <value>0x20000784</value>
         <object_component_ref idref="oc-37f"/>
      </symbol>
      <symbol id="sm-c8f">
         <name>virtual_com</name>
         <value>0x200007fc</value>
         <object_component_ref idref="oc-379"/>
      </symbol>
      <symbol id="sm-c90">
         <name>get_ID</name>
         <value>0x7dc5</value>
         <object_component_ref idref="oc-2d1"/>
      </symbol>
      <symbol id="sm-ce5">
         <name>CanTp_Shutdown</name>
         <value>0x6273</value>
         <object_component_ref idref="oc-1ea"/>
      </symbol>
      <symbol id="sm-ce6">
         <name>CanTp_Init</name>
         <value>0x604d</value>
         <object_component_ref idref="oc-1ea"/>
      </symbol>
      <symbol id="sm-ce7">
         <name>initRx15765RuntimeData</name>
         <value>0x5f0f</value>
         <object_component_ref idref="oc-1ea"/>
      </symbol>
      <symbol id="sm-ce8">
         <name>CanTp_RxIndication</name>
         <value>0x5f57</value>
         <object_component_ref idref="oc-1ea"/>
      </symbol>
      <symbol id="sm-ce9">
         <name>CanTp_MainFunction</name>
         <value>0x6289</value>
         <object_component_ref idref="oc-1ea"/>
      </symbol>
      <symbol id="sm-cea">
         <name>CanTp_TxConfirmation</name>
         <value>0x64e5</value>
         <object_component_ref idref="oc-1ea"/>
      </symbol>
      <symbol id="sm-ceb">
         <name>initTx15765RuntimeData</name>
         <value>0x5ecd</value>
         <object_component_ref idref="oc-1ea"/>
      </symbol>
      <symbol id="sm-cec">
         <name>CanTp_Transmit</name>
         <value>0x6119</value>
         <object_component_ref idref="oc-1ea"/>
      </symbol>
      <symbol id="sm-cfe">
         <name>_c_int00</name>
         <value>0x8a79</value>
         <object_component_ref idref="oc-24"/>
      </symbol>
      <symbol id="sm-cff">
         <name>__stack</name>
         <value>0x20000e84</value>
         <object_component_ref idref="oc-2a"/>
      </symbol>
      <symbol id="sm-d1d">
         <name>__TI_decompress_lzss</name>
         <value>0x89b1</value>
         <object_component_ref idref="oc-12"/>
      </symbol>
      <symbol id="sm-d34">
         <name>__TI_decompress_none</name>
         <value>0x8c65</value>
         <object_component_ref idref="oc-18"/>
      </symbol>
      <symbol id="sm-d4b">
         <name>__TI_zero_init</name>
         <value>0x8c73</value>
         <object_component_ref idref="oc-1e"/>
      </symbol>
      <symbol id="sm-d6c">
         <name>C$$EXIT</name>
         <value>0x8acd</value>
         <object_component_ref idref="oc-80"/>
      </symbol>
      <symbol id="sm-d6d">
         <name>abort</name>
         <value>0x8ad1</value>
         <object_component_ref idref="oc-80"/>
      </symbol>
      <symbol id="sm-d6e">
         <name>exit</name>
         <value>0x8ad9</value>
         <object_component_ref idref="oc-80"/>
      </symbol>
      <symbol id="sm-d6f">
         <name>__TI_dtors_ptr</name>
         <value>0x20000874</value>
         <object_component_ref idref="oc-131"/>
      </symbol>
      <symbol id="sm-d70">
         <name>__TI_cleanup_ptr</name>
         <value>0x20000870</value>
         <object_component_ref idref="oc-131"/>
      </symbol>
      <symbol id="sm-d71">
         <name>__TI_enable_exit_profile_output</name>
         <value>0x20000878</value>
         <object_component_ref idref="oc-131"/>
      </symbol>
      <symbol id="sm-d7b">
         <name>__aeabi_d2uiz</name>
         <value>0x8b6d</value>
         <object_component_ref idref="oc-2c6"/>
      </symbol>
      <symbol id="sm-d84">
         <name>__aeabi_lmul</name>
         <value>0x8c39</value>
         <object_component_ref idref="oc-3b7"/>
      </symbol>
      <symbol id="sm-d9f">
         <name>memcpy</name>
         <value>0x8655</value>
         <object_component_ref idref="oc-50"/>
      </symbol>
      <symbol id="sm-da0">
         <name>__aeabi_memcpy</name>
         <value>0x8655</value>
         <object_component_ref idref="oc-50"/>
      </symbol>
      <symbol id="sm-da1">
         <name>__aeabi_memcpy8</name>
         <value>0x8655</value>
         <object_component_ref idref="oc-50"/>
      </symbol>
      <symbol id="sm-da2">
         <name>__aeabi_memcpy4</name>
         <value>0x8655</value>
         <object_component_ref idref="oc-50"/>
      </symbol>
      <symbol id="sm-db1">
         <name>__aeabi_memset</name>
         <value>0x876f</value>
         <object_component_ref idref="oc-5c"/>
      </symbol>
      <symbol id="sm-db2">
         <name>memset</name>
         <value>0x8775</value>
         <object_component_ref idref="oc-5c"/>
      </symbol>
      <symbol id="sm-db3">
         <name>__aeabi_memset8</name>
         <value>0x876f</value>
         <object_component_ref idref="oc-5c"/>
      </symbol>
      <symbol id="sm-db4">
         <name>__aeabi_memset4</name>
         <value>0x876f</value>
         <object_component_ref idref="oc-5c"/>
      </symbol>
      <symbol id="sm-db5">
         <name>__aeabi_memclr8</name>
         <value>0x876d</value>
         <object_component_ref idref="oc-5c"/>
      </symbol>
      <symbol id="sm-db6">
         <name>__aeabi_memclr4</name>
         <value>0x876d</value>
         <object_component_ref idref="oc-5c"/>
      </symbol>
      <symbol id="sm-db7">
         <name>__aeabi_memclr</name>
         <value>0x876d</value>
         <object_component_ref idref="oc-5c"/>
      </symbol>
      <symbol id="sm-dc1">
         <name>__mpu_init</name>
         <value>0x82d3</value>
         <object_component_ref idref="oc-68"/>
      </symbol>
      <symbol id="sm-dcb">
         <name>_system_pre_init</name>
         <value>0x8c91</value>
         <object_component_ref idref="oc-6e"/>
      </symbol>
      <symbol id="sm-dd3">
         <name>main_func_sp</name>
         <value>0x200008d0</value>
         <object_component_ref idref="oc-86"/>
      </symbol>
      <symbol id="sm-ded">
         <name>_nop</name>
         <value>0x8c5f</value>
         <object_component_ref idref="oc-259"/>
      </symbol>
      <symbol id="sm-dee">
         <name>_lock</name>
         <value>0x20000888</value>
         <object_component_ref idref="oc-134"/>
      </symbol>
      <symbol id="sm-def">
         <name>_unlock</name>
         <value>0x2000088c</value>
         <object_component_ref idref="oc-134"/>
      </symbol>
      <symbol id="sm-df0">
         <name>_register_lock</name>
         <value>0x8c57</value>
         <object_component_ref idref="oc-259"/>
      </symbol>
      <symbol id="sm-df1">
         <name>_register_unlock</name>
         <value>0x8c51</value>
         <object_component_ref idref="oc-259"/>
      </symbol>
      <symbol id="sm-e05">
         <name>_args_main</name>
         <value>0x8c21</value>
         <object_component_ref idref="oc-7a"/>
      </symbol>
      <symbol id="sm-e2f">
         <name>__TI_auto_init</name>
         <value>0x8941</value>
         <object_component_ref idref="oc-74"/>
      </symbol>
      <symbol id="sm-e49">
         <name>copy_in</name>
         <value>0x8b21</value>
         <object_component_ref idref="oc-11b"/>
      </symbol>
      <symbol id="sm-e54">
         <name>_system_post_cinit</name>
         <value>0x85a3</value>
         <object_component_ref idref="oc-121"/>
      </symbol>
      <symbol id="sm-e55">
         <name>__TI_static_base__</name>
         <value>0x0</value>
      </symbol>
      <symbol id="sm-e58">
         <name>SHT$$INIT_ARRAY$$Limit</name>
         <value>0x0</value>
      </symbol>
      <symbol id="sm-e59">
         <name>SHT$$INIT_ARRAY$$Base</name>
         <value>0x0</value>
      </symbol>
   </symbol_table>
   <title>Link successful</title>
</link_info>
