<?xml version="1.0"?>
<link_info>
   <banner>TI ARM Linker PC v16.9.4.LTS</banner>
   <copyright>Copyright (c) 1996-2017 Texas Instruments Incorporated</copyright>
   <link_time>0x5d24d1be</link_time>
   <link_errors>0x0</link_errors>
   <output_file>ECUone1_finalintegration.out</output_file>
   <entry_point>
      <name>_c_int00</name>
      <address>0x8d5d</address>
   </entry_point>
   <input_file_list>
      <input_file id="fl-2">
         <path>.\</path>
         <kind>object</kind>
         <file>Delay.obj</file>
         <name>Delay.obj</name>
      </input_file>
      <input_file id="fl-3">
         <path>.\</path>
         <kind>object</kind>
         <file>Dio.obj</file>
         <name>Dio.obj</name>
      </input_file>
      <input_file id="fl-4">
         <path>.\</path>
         <kind>object</kind>
         <file>LCDInit.obj</file>
         <name>LCDInit.obj</name>
      </input_file>
      <input_file id="fl-5">
         <path>.\</path>
         <kind>object</kind>
         <file>PORTF.obj</file>
         <name>PORTF.obj</name>
      </input_file>
      <input_file id="fl-6">
         <path>.\</path>
         <kind>object</kind>
         <file>RX_main.obj</file>
         <name>RX_main.obj</name>
      </input_file>
      <input_file id="fl-7">
         <path>.\</path>
         <kind>object</kind>
         <file>Timer0A.obj</file>
         <name>Timer0A.obj</name>
      </input_file>
      <input_file id="fl-8">
         <path>.\</path>
         <kind>object</kind>
         <file>main.obj</file>
         <name>main.obj</name>
      </input_file>
      <input_file id="fl-9">
         <path>.\</path>
         <kind>object</kind>
         <file>tm4c123gh6pm_startup_ccs.obj</file>
         <name>tm4c123gh6pm_startup_ccs.obj</name>
      </input_file>
      <input_file id="fl-a">
         <path>.\OS\</path>
         <kind>object</kind>
         <file>InitConsole.obj</file>
         <name>InitConsole.obj</name>
      </input_file>
      <input_file id="fl-b">
         <path>.\OS\</path>
         <kind>object</kind>
         <file>Lcfg.obj</file>
         <name>Lcfg.obj</name>
      </input_file>
      <input_file id="fl-c">
         <path>.\OS\</path>
         <kind>object</kind>
         <file>alarm.obj</file>
         <name>alarm.obj</name>
      </input_file>
      <input_file id="fl-d">
         <path>.\OS\</path>
         <kind>object</kind>
         <file>event.obj</file>
         <name>event.obj</name>
      </input_file>
      <input_file id="fl-e">
         <path>.\OS\</path>
         <kind>object</kind>
         <file>interrupt.obj</file>
         <name>interrupt.obj</name>
      </input_file>
      <input_file id="fl-f">
         <path>.\OS\</path>
         <kind>object</kind>
         <file>resource.obj</file>
         <name>resource.obj</name>
      </input_file>
      <input_file id="fl-10">
         <path>.\OS\</path>
         <kind>object</kind>
         <file>task.obj</file>
         <name>task.obj</name>
      </input_file>
      <input_file id="fl-11">
         <path>.\Rte\</path>
         <kind>object</kind>
         <file>Rte.obj</file>
         <name>Rte.obj</name>
      </input_file>
      <input_file id="fl-12">
         <path>.\Rte\</path>
         <kind>object</kind>
         <file>Rte_SeatHeater.obj</file>
         <name>Rte_SeatHeater.obj</name>
      </input_file>
      <input_file id="fl-13">
         <path>.\Rte\</path>
         <kind>object</kind>
         <file>Rte_SeatSensorLeft.obj</file>
         <name>Rte_SeatSensorLeft.obj</name>
      </input_file>
      <input_file id="fl-14">
         <path>.\Rte\</path>
         <kind>object</kind>
         <file>Rte_SeatSensorRight.obj</file>
         <name>Rte_SeatSensorRight.obj</name>
      </input_file>
      <input_file id="fl-15">
         <path>.\driverlib\</path>
         <kind>object</kind>
         <file>adc.obj</file>
         <name>adc.obj</name>
      </input_file>
      <input_file id="fl-16">
         <path>.\driverlib\</path>
         <kind>object</kind>
         <file>aes.obj</file>
         <name>aes.obj</name>
      </input_file>
      <input_file id="fl-17">
         <path>.\driverlib\</path>
         <kind>object</kind>
         <file>can.obj</file>
         <name>can.obj</name>
      </input_file>
      <input_file id="fl-18">
         <path>.\driverlib\</path>
         <kind>object</kind>
         <file>comp.obj</file>
         <name>comp.obj</name>
      </input_file>
      <input_file id="fl-19">
         <path>.\driverlib\</path>
         <kind>object</kind>
         <file>cpu.obj</file>
         <name>cpu.obj</name>
      </input_file>
      <input_file id="fl-1a">
         <path>.\driverlib\</path>
         <kind>object</kind>
         <file>crc.obj</file>
         <name>crc.obj</name>
      </input_file>
      <input_file id="fl-1b">
         <path>.\driverlib\</path>
         <kind>object</kind>
         <file>des.obj</file>
         <name>des.obj</name>
      </input_file>
      <input_file id="fl-1c">
         <path>.\driverlib\</path>
         <kind>object</kind>
         <file>eeprom.obj</file>
         <name>eeprom.obj</name>
      </input_file>
      <input_file id="fl-1d">
         <path>.\driverlib\</path>
         <kind>object</kind>
         <file>emac.obj</file>
         <name>emac.obj</name>
      </input_file>
      <input_file id="fl-1e">
         <path>.\driverlib\</path>
         <kind>object</kind>
         <file>epi.obj</file>
         <name>epi.obj</name>
      </input_file>
      <input_file id="fl-1f">
         <path>.\driverlib\</path>
         <kind>object</kind>
         <file>flash.obj</file>
         <name>flash.obj</name>
      </input_file>
      <input_file id="fl-20">
         <path>.\driverlib\</path>
         <kind>object</kind>
         <file>fpu.obj</file>
         <name>fpu.obj</name>
      </input_file>
      <input_file id="fl-21">
         <path>.\driverlib\</path>
         <kind>object</kind>
         <file>gpio.obj</file>
         <name>gpio.obj</name>
      </input_file>
      <input_file id="fl-22">
         <path>.\driverlib\</path>
         <kind>object</kind>
         <file>hibernate.obj</file>
         <name>hibernate.obj</name>
      </input_file>
      <input_file id="fl-23">
         <path>.\driverlib\</path>
         <kind>object</kind>
         <file>i2c.obj</file>
         <name>i2c.obj</name>
      </input_file>
      <input_file id="fl-24">
         <path>.\driverlib\</path>
         <kind>object</kind>
         <file>interrupt.obj</file>
         <name>interrupt.obj</name>
      </input_file>
      <input_file id="fl-25">
         <path>.\driverlib\</path>
         <kind>object</kind>
         <file>lcd.obj</file>
         <name>lcd.obj</name>
      </input_file>
      <input_file id="fl-26">
         <path>.\driverlib\</path>
         <kind>object</kind>
         <file>mpu.obj</file>
         <name>mpu.obj</name>
      </input_file>
      <input_file id="fl-27">
         <path>.\driverlib\</path>
         <kind>object</kind>
         <file>onewire.obj</file>
         <name>onewire.obj</name>
      </input_file>
      <input_file id="fl-28">
         <path>.\driverlib\</path>
         <kind>object</kind>
         <file>pwm.obj</file>
         <name>pwm.obj</name>
      </input_file>
      <input_file id="fl-29">
         <path>.\driverlib\</path>
         <kind>object</kind>
         <file>qei.obj</file>
         <name>qei.obj</name>
      </input_file>
      <input_file id="fl-2a">
         <path>.\driverlib\</path>
         <kind>object</kind>
         <file>shamd5.obj</file>
         <name>shamd5.obj</name>
      </input_file>
      <input_file id="fl-2b">
         <path>.\driverlib\</path>
         <kind>object</kind>
         <file>ssi.obj</file>
         <name>ssi.obj</name>
      </input_file>
      <input_file id="fl-2c">
         <path>.\driverlib\</path>
         <kind>object</kind>
         <file>sw_crc.obj</file>
         <name>sw_crc.obj</name>
      </input_file>
      <input_file id="fl-2d">
         <path>.\driverlib\</path>
         <kind>object</kind>
         <file>sysctl.obj</file>
         <name>sysctl.obj</name>
      </input_file>
      <input_file id="fl-2e">
         <path>.\driverlib\</path>
         <kind>object</kind>
         <file>sysexc.obj</file>
         <name>sysexc.obj</name>
      </input_file>
      <input_file id="fl-2f">
         <path>.\driverlib\</path>
         <kind>object</kind>
         <file>systick.obj</file>
         <name>systick.obj</name>
      </input_file>
      <input_file id="fl-30">
         <path>.\driverlib\</path>
         <kind>object</kind>
         <file>timer.obj</file>
         <name>timer.obj</name>
      </input_file>
      <input_file id="fl-31">
         <path>.\driverlib\</path>
         <kind>object</kind>
         <file>uart.obj</file>
         <name>uart.obj</name>
      </input_file>
      <input_file id="fl-32">
         <path>.\driverlib\</path>
         <kind>object</kind>
         <file>udma.obj</file>
         <name>udma.obj</name>
      </input_file>
      <input_file id="fl-33">
         <path>.\driverlib\</path>
         <kind>object</kind>
         <file>usb.obj</file>
         <name>usb.obj</name>
      </input_file>
      <input_file id="fl-34">
         <path>.\driverlib\</path>
         <kind>object</kind>
         <file>watchdog.obj</file>
         <name>watchdog.obj</name>
      </input_file>
      <input_file id="fl-35">
         <path>.\freertos\</path>
         <kind>object</kind>
         <file>list.obj</file>
         <name>list.obj</name>
      </input_file>
      <input_file id="fl-36">
         <path>.\portable\</path>
         <kind>object</kind>
         <file>port.obj</file>
         <name>port.obj</name>
      </input_file>
      <input_file id="fl-37">
         <path>.\portable\</path>
         <kind>object</kind>
         <file>portasm.obj</file>
         <name>portasm.obj</name>
      </input_file>
      <input_file id="fl-38">
         <path>.\source\</path>
         <kind>object</kind>
         <file>Can.obj</file>
         <name>Can.obj</name>
      </input_file>
      <input_file id="fl-39">
         <path>.\source\</path>
         <kind>object</kind>
         <file>CanIf.obj</file>
         <name>CanIf.obj</name>
      </input_file>
      <input_file id="fl-3a">
         <path>.\source\</path>
         <kind>object</kind>
         <file>CanIf_Cfg.obj</file>
         <name>CanIf_Cfg.obj</name>
      </input_file>
      <input_file id="fl-3b">
         <path>.\source\</path>
         <kind>object</kind>
         <file>CanIf_Sec_cfg.obj</file>
         <name>CanIf_Sec_cfg.obj</name>
      </input_file>
      <input_file id="fl-3c">
         <path>.\source\</path>
         <kind>object</kind>
         <file>CanTpRuntime.obj</file>
         <name>CanTpRuntime.obj</name>
      </input_file>
      <input_file id="fl-3d">
         <path>.\source\</path>
         <kind>object</kind>
         <file>CanTp_Cfg.obj</file>
         <name>CanTp_Cfg.obj</name>
      </input_file>
      <input_file id="fl-3e">
         <path>.\source\</path>
         <kind>object</kind>
         <file>Com.obj</file>
         <name>Com.obj</name>
      </input_file>
      <input_file id="fl-3f">
         <path>.\source\</path>
         <kind>object</kind>
         <file>Com_Asu_Cfg.obj</file>
         <name>Com_Asu_Cfg.obj</name>
      </input_file>
      <input_file id="fl-40">
         <path>.\source\</path>
         <kind>object</kind>
         <file>Com_Buffer.obj</file>
         <name>Com_Buffer.obj</name>
      </input_file>
      <input_file id="fl-41">
         <path>.\source\</path>
         <kind>object</kind>
         <file>Com_Cfg.obj</file>
         <name>Com_Cfg.obj</name>
      </input_file>
      <input_file id="fl-42">
         <path>.\source\</path>
         <kind>object</kind>
         <file>Com_helper.obj</file>
         <name>Com_helper.obj</name>
      </input_file>
      <input_file id="fl-43">
         <path>.\source\</path>
         <kind>object</kind>
         <file>Helper_Functions.obj</file>
         <name>Helper_Functions.obj</name>
      </input_file>
      <input_file id="fl-44">
         <path>.\source\</path>
         <kind>object</kind>
         <file>PDURmy.obj</file>
         <name>PDURmy.obj</name>
      </input_file>
      <input_file id="fl-45">
         <path>.\source\</path>
         <kind>object</kind>
         <file>PduR.obj</file>
         <name>PduR.obj</name>
      </input_file>
      <input_file id="fl-46">
         <path>.\source\</path>
         <kind>object</kind>
         <file>PduR_helper.obj</file>
         <name>PduR_helper.obj</name>
      </input_file>
      <input_file id="fl-47">
         <path>.\source\</path>
         <kind>object</kind>
         <file>cantp.obj</file>
         <name>cantp.obj</name>
      </input_file>
      <input_file id="fl-48">
         <path>.\utils\</path>
         <kind>object</kind>
         <file>uartstdio.obj</file>
         <name>uartstdio.obj</name>
      </input_file>
      <input_file id="fl-4c">
         <kind>object</kind>
         <file>&lt;internal&gt;</file>
         <name>&lt;internal&gt;</name>
      </input_file>
      <input_file id="fl-102">
         <path>C:\ti\ccsv7\tools\compiler\ti-cgt-arm_16.9.4.LTS\lib\</path>
         <kind>archive</kind>
         <file>rtsv7M4_T_le_v4SPD16_eabi.lib</file>
         <name>boot.obj</name>
      </input_file>
      <input_file id="fl-103">
         <path>C:\ti\ccsv7\tools\compiler\ti-cgt-arm_16.9.4.LTS\lib\</path>
         <kind>archive</kind>
         <file>rtsv7M4_T_le_v4SPD16_eabi.lib</file>
         <name>copy_decompress_lzss.obj</name>
      </input_file>
      <input_file id="fl-104">
         <path>C:\ti\ccsv7\tools\compiler\ti-cgt-arm_16.9.4.LTS\lib\</path>
         <kind>archive</kind>
         <file>rtsv7M4_T_le_v4SPD16_eabi.lib</file>
         <name>copy_decompress_none.obj</name>
      </input_file>
      <input_file id="fl-105">
         <path>C:\ti\ccsv7\tools\compiler\ti-cgt-arm_16.9.4.LTS\lib\</path>
         <kind>archive</kind>
         <file>rtsv7M4_T_le_v4SPD16_eabi.lib</file>
         <name>copy_zero_init.obj</name>
      </input_file>
      <input_file id="fl-106">
         <path>C:\ti\ccsv7\tools\compiler\ti-cgt-arm_16.9.4.LTS\lib\</path>
         <kind>archive</kind>
         <file>rtsv7M4_T_le_v4SPD16_eabi.lib</file>
         <name>exit.obj</name>
      </input_file>
      <input_file id="fl-107">
         <path>C:\ti\ccsv7\tools\compiler\ti-cgt-arm_16.9.4.LTS\lib\</path>
         <kind>archive</kind>
         <file>rtsv7M4_T_le_v4SPD16_eabi.lib</file>
         <name>fd_tou_t2.obj</name>
      </input_file>
      <input_file id="fl-108">
         <path>C:\ti\ccsv7\tools\compiler\ti-cgt-arm_16.9.4.LTS\lib\</path>
         <kind>archive</kind>
         <file>rtsv7M4_T_le_v4SPD16_eabi.lib</file>
         <name>ll_mul_t2.obj</name>
      </input_file>
      <input_file id="fl-109">
         <path>C:\ti\ccsv7\tools\compiler\ti-cgt-arm_16.9.4.LTS\lib\</path>
         <kind>archive</kind>
         <file>rtsv7M4_T_le_v4SPD16_eabi.lib</file>
         <name>memcpy_t2.obj</name>
      </input_file>
      <input_file id="fl-10a">
         <path>C:\ti\ccsv7\tools\compiler\ti-cgt-arm_16.9.4.LTS\lib\</path>
         <kind>archive</kind>
         <file>rtsv7M4_T_le_v4SPD16_eabi.lib</file>
         <name>memset_t2.obj</name>
      </input_file>
      <input_file id="fl-10b">
         <path>C:\ti\ccsv7\tools\compiler\ti-cgt-arm_16.9.4.LTS\lib\</path>
         <kind>archive</kind>
         <file>rtsv7M4_T_le_v4SPD16_eabi.lib</file>
         <name>mpu_init.obj</name>
      </input_file>
      <input_file id="fl-10c">
         <path>C:\ti\ccsv7\tools\compiler\ti-cgt-arm_16.9.4.LTS\lib\</path>
         <kind>archive</kind>
         <file>rtsv7M4_T_le_v4SPD16_eabi.lib</file>
         <name>pre_init.obj</name>
      </input_file>
      <input_file id="fl-10d">
         <path>C:\ti\ccsv7\tools\compiler\ti-cgt-arm_16.9.4.LTS\lib\</path>
         <kind>archive</kind>
         <file>rtsv7M4_T_le_v4SPD16_eabi.lib</file>
         <name>stkdepth_vars.obj</name>
      </input_file>
      <input_file id="fl-10e">
         <path>C:\ti\ccsv7\tools\compiler\ti-cgt-arm_16.9.4.LTS\lib\</path>
         <kind>archive</kind>
         <file>rtsv7M4_T_le_v4SPD16_eabi.lib</file>
         <name>u_divt2.obj</name>
      </input_file>
      <input_file id="fl-10f">
         <path>C:\ti\ccsv7\tools\compiler\ti-cgt-arm_16.9.4.LTS\lib\</path>
         <kind>archive</kind>
         <file>rtsv7M4_T_le_v4SPD16_eabi.lib</file>
         <name>_lock.obj</name>
      </input_file>
      <input_file id="fl-110">
         <path>C:\ti\ccsv7\tools\compiler\ti-cgt-arm_16.9.4.LTS\lib\</path>
         <kind>archive</kind>
         <file>rtsv7M4_T_le_v4SPD16_eabi.lib</file>
         <name>args_main.obj</name>
      </input_file>
      <input_file id="fl-111">
         <path>C:\ti\ccsv7\tools\compiler\ti-cgt-arm_16.9.4.LTS\lib\</path>
         <kind>archive</kind>
         <file>rtsv7M4_T_le_v4SPD16_eabi.lib</file>
         <name>autoinit.obj</name>
      </input_file>
      <input_file id="fl-112">
         <path>C:\ti\ccsv7\tools\compiler\ti-cgt-arm_16.9.4.LTS\lib\</path>
         <kind>archive</kind>
         <file>rtsv7M4_T_le_v4SPD16_eabi.lib</file>
         <name>cpy_tbl.obj</name>
      </input_file>
      <input_file id="fl-113">
         <path>C:\ti\ccsv7\tools\compiler\ti-cgt-arm_16.9.4.LTS\lib\</path>
         <kind>archive</kind>
         <file>rtsv7M4_T_le_v4SPD16_eabi.lib</file>
         <name>i_div0.obj</name>
      </input_file>
      <input_file id="fl-114">
         <path>C:\ti\ccsv7\tools\compiler\ti-cgt-arm_16.9.4.LTS\lib\</path>
         <kind>archive</kind>
         <file>rtsv7M4_T_le_v4SPD16_eabi.lib</file>
         <name>startup.obj</name>
      </input_file>
   </input_file_list>
   <object_component_list>
      <object_component id="oc-f">
         <name>.intvecs</name>
         <load_address>0x0</load_address>
         <run_address>0x0</run_address>
         <size>0x268</size>
         <input_file_ref idref="fl-9"/>
      </object_component>
      <object_component id="oc-3c">
         <name>.text</name>
         <load_address>0x268</load_address>
         <run_address>0x268</run_address>
         <size>0x1ab0</size>
         <input_file_ref idref="fl-38"/>
      </object_component>
      <object_component id="oc-c3">
         <name>.text</name>
         <load_address>0x1d18</load_address>
         <run_address>0x1d18</run_address>
         <size>0xf88</size>
         <input_file_ref idref="fl-2d"/>
      </object_component>
      <object_component id="oc-2c6">
         <name>.text</name>
         <load_address>0x2ca0</load_address>
         <run_address>0x2ca0</run_address>
         <size>0xc6c</size>
         <input_file_ref idref="fl-43"/>
      </object_component>
      <object_component id="oc-300">
         <name>.text</name>
         <load_address>0x390c</load_address>
         <run_address>0x390c</run_address>
         <size>0xba0</size>
         <input_file_ref idref="fl-21"/>
      </object_component>
      <object_component id="oc-a7">
         <name>.text</name>
         <load_address>0x44ac</load_address>
         <run_address>0x44ac</run_address>
         <size>0xa30</size>
         <input_file_ref idref="fl-17"/>
      </object_component>
      <object_component id="oc-226">
         <name>.text</name>
         <load_address>0x4edc</load_address>
         <run_address>0x4edc</run_address>
         <size>0x914</size>
         <input_file_ref idref="fl-3e"/>
      </object_component>
      <object_component id="oc-1ea">
         <name>.text</name>
         <load_address>0x57f0</load_address>
         <run_address>0x57f0</run_address>
         <size>0x698</size>
         <input_file_ref idref="fl-47"/>
      </object_component>
      <object_component id="oc-e1">
         <name>.text</name>
         <load_address>0x5e88</load_address>
         <run_address>0x5e88</run_address>
         <size>0x660</size>
         <input_file_ref idref="fl-39"/>
      </object_component>
      <object_component id="oc-91">
         <name>.text</name>
         <load_address>0x64e8</load_address>
         <run_address>0x64e8</run_address>
         <size>0x63c</size>
         <input_file_ref idref="fl-10"/>
      </object_component>
      <object_component id="oc-147">
         <name>.text</name>
         <load_address>0x6b24</load_address>
         <run_address>0x6b24</run_address>
         <size>0x598</size>
         <input_file_ref idref="fl-c"/>
      </object_component>
      <object_component id="oc-307">
         <name>.text</name>
         <load_address>0x70bc</load_address>
         <run_address>0x70bc</run_address>
         <size>0x590</size>
         <input_file_ref idref="fl-40"/>
      </object_component>
      <object_component id="oc-232">
         <name>.text</name>
         <load_address>0x764c</load_address>
         <run_address>0x764c</run_address>
         <size>0x4b4</size>
         <input_file_ref idref="fl-12"/>
      </object_component>
      <object_component id="oc-c9">
         <name>.text</name>
         <load_address>0x7b00</load_address>
         <run_address>0x7b00</run_address>
         <size>0x3c0</size>
         <input_file_ref idref="fl-24"/>
      </object_component>
      <object_component id="oc-22c">
         <name>.text</name>
         <load_address>0x7ec0</load_address>
         <run_address>0x7ec0</run_address>
         <size>0x1ec</size>
         <input_file_ref idref="fl-d"/>
      </object_component>
      <object_component id="oc-214">
         <name>.text</name>
         <load_address>0x80ac</load_address>
         <run_address>0x80ac</run_address>
         <size>0x17c</size>
         <input_file_ref idref="fl-4"/>
      </object_component>
      <object_component id="oc-2d7">
         <name>.text</name>
         <load_address>0x8228</load_address>
         <run_address>0x8228</run_address>
         <size>0x164</size>
         <input_file_ref idref="fl-46"/>
      </object_component>
      <object_component id="oc-1f0">
         <name>.text</name>
         <load_address>0x838c</load_address>
         <run_address>0x838c</run_address>
         <size>0x140</size>
         <input_file_ref idref="fl-45"/>
      </object_component>
      <object_component id="oc-36">
         <name>.text</name>
         <load_address>0x84cc</load_address>
         <run_address>0x84cc</run_address>
         <size>0x13c</size>
         <input_file_ref idref="fl-36"/>
      </object_component>
      <object_component id="oc-141">
         <name>.text</name>
         <load_address>0x8608</load_address>
         <run_address>0x8608</run_address>
         <size>0x12a</size>
         <input_file_ref idref="fl-35"/>
      </object_component>
      <object_component id="oc-68">
         <name>.text</name>
         <load_address>0x8732</load_address>
         <run_address>0x8732</run_address>
         <size>0x2</size>
         <input_file_ref idref="fl-10b"/>
      </object_component>
      <object_component id="oc-129">
         <name>.text</name>
         <load_address>0x8734</load_address>
         <run_address>0x8734</run_address>
         <size>0xf8</size>
         <input_file_ref idref="fl-8"/>
      </object_component>
      <object_component id="oc-31">
         <name>.text</name>
         <load_address>0x882c</load_address>
         <run_address>0x882c</run_address>
         <size>0xda</size>
         <input_file_ref idref="fl-37"/>
      </object_component>
      <object_component id="oc-121">
         <name>.text</name>
         <load_address>0x8906</load_address>
         <run_address>0x8906</run_address>
         <size>0x2</size>
         <input_file_ref idref="fl-114"/>
      </object_component>
      <object_component id="oc-21a">
         <name>.text</name>
         <load_address>0x8908</load_address>
         <run_address>0x8908</run_address>
         <size>0xb0</size>
         <input_file_ref idref="fl-5"/>
      </object_component>
      <object_component id="oc-50">
         <name>.text</name>
         <load_address>0x89b8</load_address>
         <run_address>0x89b8</run_address>
         <size>0x9c</size>
         <input_file_ref idref="fl-109"/>
      </object_component>
      <object_component id="oc-2f8">
         <name>.text</name>
         <load_address>0x8a54</load_address>
         <run_address>0x8a54</run_address>
         <size>0x7c</size>
         <input_file_ref idref="fl-2"/>
      </object_component>
      <object_component id="oc-5c">
         <name>.text</name>
         <load_address>0x8ad0</load_address>
         <run_address>0x8ad0</run_address>
         <size>0x7a</size>
         <input_file_ref idref="fl-10a"/>
      </object_component>
      <object_component id="oc-313">
         <name>.text</name>
         <load_address>0x8b4a</load_address>
         <run_address>0x8b4a</run_address>
         <size>0x72</size>
         <input_file_ref idref="fl-42"/>
      </object_component>
      <object_component id="oc-db">
         <name>.text</name>
         <load_address>0x8bbc</load_address>
         <run_address>0x8bbc</run_address>
         <size>0x70</size>
         <input_file_ref idref="fl-7"/>
      </object_component>
      <object_component id="oc-74">
         <name>.text</name>
         <load_address>0x8c2c</load_address>
         <run_address>0x8c2c</run_address>
         <size>0x70</size>
         <input_file_ref idref="fl-111"/>
      </object_component>
      <object_component id="oc-12">
         <name>.text:decompress:lzss</name>
         <load_address>0x8c9c</load_address>
         <run_address>0x8c9c</run_address>
         <size>0x68</size>
         <input_file_ref idref="fl-103"/>
      </object_component>
      <object_component id="oc-31f">
         <name>.text</name>
         <load_address>0x8d04</load_address>
         <run_address>0x8d04</run_address>
         <size>0x58</size>
         <input_file_ref idref="fl-11"/>
      </object_component>
      <object_component id="oc-24">
         <name>.text</name>
         <load_address>0x8d5c</load_address>
         <run_address>0x8d5c</run_address>
         <size>0x54</size>
         <input_file_ref idref="fl-102"/>
      </object_component>
      <object_component id="oc-80">
         <name>.text</name>
         <load_address>0x8db0</load_address>
         <run_address>0x8db0</run_address>
         <size>0x54</size>
         <input_file_ref idref="fl-106"/>
      </object_component>
      <object_component id="oc-11b">
         <name>.text</name>
         <load_address>0x8e04</load_address>
         <run_address>0x8e04</run_address>
         <size>0x4c</size>
         <input_file_ref idref="fl-112"/>
      </object_component>
      <object_component id="oc-2cc">
         <name>.text</name>
         <load_address>0x8e50</load_address>
         <run_address>0x8e50</run_address>
         <size>0x44</size>
         <input_file_ref idref="fl-107"/>
      </object_component>
      <object_component id="oc-1b4">
         <name>.text</name>
         <load_address>0x8e94</load_address>
         <run_address>0x8e94</run_address>
         <size>0x3e</size>
         <input_file_ref idref="fl-19"/>
      </object_component>
      <object_component id="oc-220">
         <name>.text</name>
         <load_address>0x8ed4</load_address>
         <run_address>0x8ed4</run_address>
         <size>0x30</size>
         <input_file_ref idref="fl-3"/>
      </object_component>
      <object_component id="oc-7a">
         <name>.text</name>
         <load_address>0x8f04</load_address>
         <run_address>0x8f04</run_address>
         <size>0x18</size>
         <input_file_ref idref="fl-110"/>
      </object_component>
      <object_component id="oc-3b7">
         <name>.text</name>
         <load_address>0x8f1c</load_address>
         <run_address>0x8f1c</run_address>
         <size>0x18</size>
         <input_file_ref idref="fl-108"/>
      </object_component>
      <object_component id="oc-238">
         <name>.text</name>
         <load_address>0x8f34</load_address>
         <run_address>0x8f34</run_address>
         <size>0x14</size>
         <input_file_ref idref="fl-13"/>
      </object_component>
      <object_component id="oc-23e">
         <name>.text</name>
         <load_address>0x8f48</load_address>
         <run_address>0x8f48</run_address>
         <size>0x14</size>
         <input_file_ref idref="fl-14"/>
      </object_component>
      <object_component id="oc-25f">
         <name>.text</name>
         <load_address>0x8f5c</load_address>
         <run_address>0x8f5c</run_address>
         <size>0x14</size>
         <input_file_ref idref="fl-10f"/>
      </object_component>
      <object_component id="oc-18">
         <name>.text:decompress:none</name>
         <load_address>0x8f70</load_address>
         <run_address>0x8f70</run_address>
         <size>0xe</size>
         <input_file_ref idref="fl-104"/>
      </object_component>
      <object_component id="oc-1e">
         <name>.text:decompress:ZI</name>
         <load_address>0x8f7e</load_address>
         <run_address>0x8f7e</run_address>
         <size>0xc</size>
         <input_file_ref idref="fl-105"/>
      </object_component>
      <object_component id="oc-2b">
         <name>.text</name>
         <load_address>0x8f8a</load_address>
         <run_address>0x8f8a</run_address>
         <size>0xc</size>
         <input_file_ref idref="fl-9"/>
      </object_component>
      <object_component id="oc-1c3">
         <name>.text:SysCtlDelay</name>
         <load_address>0x8f96</load_address>
         <run_address>0x8f96</run_address>
         <size>0x6</size>
         <input_file_ref idref="fl-2d"/>
      </object_component>
      <object_component id="oc-6e">
         <name>.text</name>
         <load_address>0x8f9c</load_address>
         <run_address>0x8f9c</run_address>
         <size>0x4</size>
         <input_file_ref idref="fl-10c"/>
      </object_component>
      <object_component id="oc-1c0">
         <name>.const:g_pppui32XTALtoVCO</name>
         <load_address>0x8fa0</load_address>
         <run_address>0x8fa0</run_address>
         <size>0x1b0</size>
         <input_file_ref idref="fl-2d"/>
      </object_component>
      <object_component id="oc-b0">
         <name>.const:CanContainer</name>
         <load_address>0x9150</load_address>
         <run_address>0x9150</run_address>
         <size>0x154</size>
         <input_file_ref idref="fl-38"/>
      </object_component>
      <object_component id="oc-ad">
         <name>.const:MailboxCfg_MAP</name>
         <load_address>0x92a4</load_address>
         <run_address>0x92a4</run_address>
         <size>0x154</size>
         <input_file_ref idref="fl-38"/>
      </object_component>
      <object_component id="oc-3a1">
         <name>.const:g_ppui32GPIOIntMapSnowflake</name>
         <load_address>0x93f8</load_address>
         <run_address>0x93f8</run_address>
         <size>0xd8</size>
         <input_file_ref idref="fl-21"/>
      </object_component>
      <object_component id="oc-39b">
         <name>.const:g_ppui32GPIOIntMapBlizzard</name>
         <load_address>0x94d0</load_address>
         <run_address>0x94d0</run_address>
         <size>0xc0</size>
         <input_file_ref idref="fl-21"/>
      </object_component>
      <object_component id="oc-1cc">
         <name>.const:g_pui32Regs</name>
         <load_address>0x9590</load_address>
         <run_address>0x9590</run_address>
         <size>0x9c</size>
         <input_file_ref idref="fl-24"/>
      </object_component>
      <object_component id="oc-3a4">
         <name>.const:g_pui32GPIOBaseAddrs</name>
         <load_address>0x962c</load_address>
         <run_address>0x962c</run_address>
         <size>0x90</size>
         <input_file_ref idref="fl-21"/>
      </object_component>
      <object_component id="oc-8e">
         <name>.const</name>
         <load_address>0x96bc</load_address>
         <run_address>0x96bc</run_address>
         <size>0x4</size>
         <input_file_ref idref="fl-36"/>
      </object_component>
      <object_component id="oc-336">
         <name>.const:CanTp_RxNSdu</name>
         <load_address>0x96c0</load_address>
         <run_address>0x96c0</run_address>
         <size>0x80</size>
         <input_file_ref idref="fl-3d"/>
      </object_component>
      <object_component id="oc-1ba">
         <name>.const:g_pui32Xtals</name>
         <load_address>0x9740</load_address>
         <run_address>0x9740</run_address>
         <size>0x6c</size>
         <input_file_ref idref="fl-2d"/>
      </object_component>
      <object_component id="oc-343">
         <name>.const:ComSignal</name>
         <load_address>0x97ac</load_address>
         <run_address>0x97ac</run_address>
         <size>0x60</size>
         <input_file_ref idref="fl-41"/>
      </object_component>
      <object_component id="oc-339">
         <name>.const:CanTp_TxNSdu</name>
         <load_address>0x9810</load_address>
         <run_address>0x9810</run_address>
         <size>0x50</size>
         <input_file_ref idref="fl-3d"/>
      </object_component>
      <object_component id="oc-340">
         <name>.const:ComIPdu</name>
         <load_address>0x9860</load_address>
         <run_address>0x9860</run_address>
         <size>0x50</size>
         <input_file_ref idref="fl-41"/>
      </object_component>
      <object_component id="oc-24d">
         <name>.const</name>
         <load_address>0x98b0</load_address>
         <run_address>0x98b0</run_address>
         <size>0x34</size>
         <input_file_ref idref="fl-b"/>
      </object_component>
      <object_component id="oc-1b1">
         <name>.const:g_sXTALtoMEMTIM</name>
         <load_address>0x98e4</load_address>
         <run_address>0x98e4</run_address>
         <size>0x30</size>
         <input_file_ref idref="fl-2d"/>
      </object_component>
      <object_component id="oc-244">
         <name>.const:CanTp_Config</name>
         <load_address>0x9918</load_address>
         <run_address>0x9918</run_address>
         <size>0x20</size>
         <input_file_ref idref="fl-3d"/>
      </object_component>
      <object_component id="oc-1c9">
         <name>.const:g_pui32Priority</name>
         <load_address>0x9938</load_address>
         <run_address>0x9938</run_address>
         <size>0x20</size>
         <input_file_ref idref="fl-24"/>
      </object_component>
      <object_component id="oc-17d">
         <name>.const:g_ui16CANBitValues</name>
         <load_address>0x9958</load_address>
         <run_address>0x9958</run_address>
         <size>0x20</size>
         <input_file_ref idref="fl-17"/>
      </object_component>
      <object_component id="oc-184">
         <name>.const:McuPerClockConfigData</name>
         <load_address>0x9978</load_address>
         <run_address>0x9978</run_address>
         <size>0x18</size>
         <input_file_ref idref="fl-38"/>
      </object_component>
      <object_component id="oc-1d2">
         <name>.const:g_pui32Dii16Regs</name>
         <load_address>0x9990</load_address>
         <run_address>0x9990</run_address>
         <size>0x14</size>
         <input_file_ref idref="fl-24"/>
      </object_component>
      <object_component id="oc-1cf">
         <name>.const:g_pui32EnRegs</name>
         <load_address>0x99a4</load_address>
         <run_address>0x99a4</run_address>
         <size>0x14</size>
         <input_file_ref idref="fl-24"/>
      </object_component>
      <object_component id="oc-1d5">
         <name>.const:g_pui32PendRegs</name>
         <load_address>0x99b8</load_address>
         <run_address>0x99b8</run_address>
         <size>0x14</size>
         <input_file_ref idref="fl-24"/>
      </object_component>
      <object_component id="oc-1d8">
         <name>.const:g_pui32UnpendRegs</name>
         <load_address>0x99cc</load_address>
         <run_address>0x99cc</run_address>
         <size>0x14</size>
         <input_file_ref idref="fl-24"/>
      </object_component>
      <object_component id="oc-247">
         <name>.const:ComConfiguration</name>
         <load_address>0x99e0</load_address>
         <run_address>0x99e0</run_address>
         <size>0xc</size>
         <input_file_ref idref="fl-41"/>
      </object_component>
      <object_component id="oc-3d8">
         <name>.const:ComIPduSignalRefs_Can_Message_1</name>
         <load_address>0x99ec</load_address>
         <run_address>0x99ec</run_address>
         <size>0xc</size>
         <input_file_ref idref="fl-41"/>
      </object_component>
      <object_component id="oc-3dc">
         <name>.const:ComIPduSignalRefs_Can_Message_2</name>
         <load_address>0x99f8</load_address>
         <run_address>0x99f8</run_address>
         <size>0xc</size>
         <input_file_ref idref="fl-41"/>
      </object_component>
      <object_component id="oc-1bd">
         <name>.const:g_pui32VCOFrequencies</name>
         <load_address>0x9a04</load_address>
         <run_address>0x9a04</run_address>
         <size>0x8</size>
         <input_file_ref idref="fl-2d"/>
      </object_component>
      <object_component id="oc-39e">
         <name>.const</name>
         <load_address>0x9a0c</load_address>
         <run_address>0x9a0c</run_address>
         <size>0x8</size>
         <input_file_ref idref="fl-21"/>
      </object_component>
      <object_component id="oc-473">
         <name>.cinit..data.load</name>
         <load_address>0x9a18</load_address>
         <run_address>0x9a18</run_address>
         <size>0x1bf</size>
      </object_component>
      <object_component id="oc-470">
         <name>__TI_handler_table</name>
         <load_address>0x9bd8</load_address>
         <run_address>0x9bd8</run_address>
         <size>0xc</size>
      </object_component>
      <object_component id="oc-474">
         <name>.cinit..bss.load</name>
         <load_address>0x9be8</load_address>
         <run_address>0x9be8</run_address>
         <size>0x8</size>
      </object_component>
      <object_component id="oc-472">
         <name>.cinit..vtable.load</name>
         <load_address>0x9bf0</load_address>
         <run_address>0x9bf0</run_address>
         <size>0x8</size>
      </object_component>
      <object_component id="oc-471">
         <name>__TI_cinit_table</name>
         <load_address>0x9bf8</load_address>
         <run_address>0x9bf8</run_address>
         <size>0x18</size>
      </object_component>
      <object_component id="oc-1c6">
         <name>.vtable</name>
         <uninitialized>true</uninitialized>
         <run_address>0x20000000</run_address>
         <size>0x26c</size>
         <input_file_ref idref="fl-24"/>
      </object_component>
      <object_component id="oc-15f">
         <name>.data:EventsInTask</name>
         <load_address>0x20000738</load_address>
         <run_address>0x20000738</run_address>
         <size>0x20</size>
         <input_file_ref idref="fl-b"/>
      </object_component>
      <object_component id="oc-15c">
         <name>.data:TaskStruct</name>
         <load_address>0x200005e4</load_address>
         <run_address>0x200005e4</run_address>
         <size>0xa0</size>
         <input_file_ref idref="fl-b"/>
      </object_component>
      <object_component id="oc-279">
         <name>.data:CounterStruct</name>
         <load_address>0x200006d0</load_address>
         <run_address>0x200006d0</run_address>
         <size>0x3c</size>
         <input_file_ref idref="fl-b"/>
      </object_component>
      <object_component id="oc-282">
         <name>.data:AlarmStruct</name>
         <load_address>0x20000270</load_address>
         <run_address>0x20000270</run_address>
         <size>0x120</size>
         <input_file_ref idref="fl-b"/>
      </object_component>
      <object_component id="oc-27c">
         <name>.data</name>
         <load_address>0x20000878</load_address>
         <run_address>0x20000878</run_address>
         <size>0x8</size>
         <input_file_ref idref="fl-c"/>
      </object_component>
      <object_component id="oc-8b">
         <name>.data</name>
         <load_address>0x2000070c</load_address>
         <run_address>0x2000070c</run_address>
         <size>0x2c</size>
         <input_file_ref idref="fl-10"/>
      </object_component>
      <object_component id="oc-329">
         <name>.data</name>
         <load_address>0x20000898</load_address>
         <run_address>0x20000898</run_address>
         <size>0x6</size>
         <input_file_ref idref="fl-12"/>
      </object_component>
      <object_component id="oc-32e">
         <name>.data</name>
         <load_address>0x20000897</load_address>
         <run_address>0x20000897</run_address>
         <size>0x1</size>
         <input_file_ref idref="fl-13"/>
      </object_component>
      <object_component id="oc-332">
         <name>.data</name>
         <load_address>0x200008bd</load_address>
         <run_address>0x200008bd</run_address>
         <size>0x1</size>
         <input_file_ref idref="fl-14"/>
      </object_component>
      <object_component id="oc-98">
         <name>.data</name>
         <load_address>0x200008a8</load_address>
         <run_address>0x200008a8</run_address>
         <size>0x4</size>
         <input_file_ref idref="fl-36"/>
      </object_component>
      <object_component id="oc-b6">
         <name>.data:state_transition_flag</name>
         <load_address>0x200008bb</load_address>
         <run_address>0x200008bb</run_address>
         <size>0x2</size>
         <input_file_ref idref="fl-38"/>
      </object_component>
      <object_component id="oc-bc">
         <name>.data</name>
         <load_address>0x200008b0</load_address>
         <run_address>0x200008b0</run_address>
         <size>0x3</size>
         <input_file_ref idref="fl-38"/>
      </object_component>
      <object_component id="oc-1f8">
         <name>.data:canif_cantp_value</name>
         <load_address>0x200008a2</load_address>
         <run_address>0x200008a2</run_address>
         <size>0x4</size>
         <input_file_ref idref="fl-39"/>
      </object_component>
      <object_component id="oc-1fc">
         <name>.data:canif_PduR_Value</name>
         <load_address>0x200008be</load_address>
         <run_address>0x200008be</run_address>
         <size>0x1</size>
         <input_file_ref idref="fl-39"/>
      </object_component>
      <object_component id="oc-1ff">
         <name>.data:canif_Comfrimation_Value</name>
         <load_address>0x2000089e</load_address>
         <run_address>0x2000089e</run_address>
         <size>0x4</size>
         <input_file_ref idref="fl-39"/>
      </object_component>
      <object_component id="oc-436">
         <name>.data:try</name>
         <load_address>0x20000890</load_address>
         <run_address>0x20000890</run_address>
         <size>0x7</size>
         <input_file_ref idref="fl-3b"/>
      </object_component>
      <object_component id="oc-439">
         <name>.data:CanIf_hrhRangeConfigTypeInstance</name>
         <load_address>0x20000870</load_address>
         <run_address>0x20000870</run_address>
         <size>0x8</size>
         <input_file_ref idref="fl-3b"/>
      </object_component>
      <object_component id="oc-431">
         <name>.data:CanIfHthCfgInstance</name>
         <load_address>0x200007f8</load_address>
         <run_address>0x200007f8</run_address>
         <size>0x10</size>
         <input_file_ref idref="fl-3b"/>
      </object_component>
      <object_component id="oc-42e">
         <name>.data:CanIfHrhCfgInstance</name>
         <load_address>0x200007e8</load_address>
         <run_address>0x200007e8</run_address>
         <size>0x10</size>
         <input_file_ref idref="fl-3b"/>
      </object_component>
      <object_component id="oc-43e">
         <name>.data:CanIfBufferCfgInstance</name>
         <load_address>0x20000790</load_address>
         <run_address>0x20000790</run_address>
         <size>0x18</size>
         <input_file_ref idref="fl-3b"/>
      </object_component>
      <object_component id="oc-3ee">
         <name>.data:CanIf_rxPduConfigTypeInstance</name>
         <load_address>0x200004a4</load_address>
         <run_address>0x200004a4</run_address>
         <size>0xa0</size>
         <input_file_ref idref="fl-3b"/>
      </object_component>
      <object_component id="oc-3f1">
         <name>.data:CanIf_txPduConfigTypeInstance</name>
         <load_address>0x20000544</load_address>
         <run_address>0x20000544</run_address>
         <size>0xa0</size>
         <input_file_ref idref="fl-3b"/>
      </object_component>
      <object_component id="oc-3eb">
         <name>.data:CanIfInitHohCfgInstance</name>
         <load_address>0x20000808</load_address>
         <run_address>0x20000808</run_address>
         <size>0x10</size>
         <input_file_ref idref="fl-3b"/>
      </object_component>
      <object_component id="oc-34d">
         <name>.data:CanIf_initConfigTypeInstance</name>
         <load_address>0x20000688</load_address>
         <run_address>0x20000688</run_address>
         <size>0x48</size>
         <input_file_ref idref="fl-3b"/>
      </object_component>
      <object_component id="oc-34a">
         <name>.data:CanIfCtrlCfgInstance</name>
         <load_address>0x200007a8</load_address>
         <run_address>0x200007a8</run_address>
         <size>0x18</size>
         <input_file_ref idref="fl-3b"/>
      </object_component>
      <object_component id="oc-24a">
         <name>.data:CanIf_configTypeInstance</name>
         <load_address>0x20000868</load_address>
         <run_address>0x20000868</run_address>
         <size>0x8</size>
         <input_file_ref idref="fl-3b"/>
      </object_component>
      <object_component id="oc-2d1">
         <name>.data:CanTpRunTimeData</name>
         <load_address>0x20000390</load_address>
         <run_address>0x20000390</run_address>
         <size>0x114</size>
         <input_file_ref idref="fl-3c"/>
      </object_component>
      <object_component id="oc-319">
         <name>.data:com_pdur</name>
         <load_address>0x200008b9</load_address>
         <run_address>0x200008b9</run_address>
         <size>0x2</size>
         <input_file_ref idref="fl-3e"/>
      </object_component>
      <object_component id="oc-310">
         <name>.data</name>
         <load_address>0x20000684</load_address>
         <run_address>0x20000684</run_address>
         <size>0x4</size>
         <input_file_ref idref="fl-3e"/>
      </object_component>
      <object_component id="oc-3b2">
         <name>.data:ComAsuConfiguration</name>
         <load_address>0x20000854</load_address>
         <run_address>0x20000854</run_address>
         <size>0xc</size>
         <input_file_ref idref="fl-3f"/>
      </object_component>
      <object_component id="oc-368">
         <name>.data:canif_ids</name>
         <load_address>0x200008a6</load_address>
         <run_address>0x200008a6</run_address>
         <size>0x2</size>
         <input_file_ref idref="fl-43"/>
      </object_component>
      <object_component id="oc-371">
         <name>.data:cantp_com_copy_tx</name>
         <load_address>0x200008b5</load_address>
         <run_address>0x200008b5</run_address>
         <size>0x2</size>
         <input_file_ref idref="fl-43"/>
      </object_component>
      <object_component id="oc-36e">
         <name>.data:cantp_com_rx_or_copy</name>
         <load_address>0x200008b7</load_address>
         <run_address>0x200008b7</run_address>
         <size>0x2</size>
         <input_file_ref idref="fl-43"/>
      </object_component>
      <object_component id="oc-36b">
         <name>.data:cantp_cainf_FC</name>
         <load_address>0x200008b3</load_address>
         <run_address>0x200008b3</run_address>
         <size>0x2</size>
         <input_file_ref idref="fl-43"/>
      </object_component>
      <object_component id="oc-37c">
         <name>.data:virtual_com</name>
         <load_address>0x200007d4</load_address>
         <run_address>0x200007d4</run_address>
         <size>0x14</size>
         <input_file_ref idref="fl-46"/>
      </object_component>
      <object_component id="oc-37f">
         <name>.data:real_com</name>
         <load_address>0x200007c0</load_address>
         <run_address>0x200007c0</run_address>
         <size>0x14</size>
         <input_file_ref idref="fl-46"/>
      </object_component>
      <object_component id="oc-382">
         <name>.data:virtual_CanIf</name>
         <load_address>0x20000774</load_address>
         <run_address>0x20000774</run_address>
         <size>0x1c</size>
         <input_file_ref idref="fl-46"/>
      </object_component>
      <object_component id="oc-385">
         <name>.data:real_CanIf</name>
         <load_address>0x20000758</load_address>
         <run_address>0x20000758</run_address>
         <size>0x1c</size>
         <input_file_ref idref="fl-46"/>
      </object_component>
      <object_component id="oc-388">
         <name>.data:virtual_CanTp_rx</name>
         <load_address>0x20000838</load_address>
         <run_address>0x20000838</run_address>
         <size>0x10</size>
         <input_file_ref idref="fl-46"/>
      </object_component>
      <object_component id="oc-38b">
         <name>.data:real_CanTp_rx</name>
         <load_address>0x20000828</load_address>
         <run_address>0x20000828</run_address>
         <size>0x10</size>
         <input_file_ref idref="fl-46"/>
      </object_component>
      <object_component id="oc-38e">
         <name>.data:virtual_CanTp_tx</name>
         <load_address>0x20000888</load_address>
         <run_address>0x20000888</run_address>
         <size>0x8</size>
         <input_file_ref idref="fl-46"/>
      </object_component>
      <object_component id="oc-391">
         <name>.data:real_CanTp_tx</name>
         <load_address>0x20000880</load_address>
         <run_address>0x20000880</run_address>
         <size>0x8</size>
         <input_file_ref idref="fl-46"/>
      </object_component>
      <object_component id="oc-394">
         <name>.data:Com_type</name>
         <load_address>0x20000818</load_address>
         <run_address>0x20000818</run_address>
         <size>0x10</size>
         <input_file_ref idref="fl-46"/>
      </object_component>
      <object_component id="oc-131">
         <name>.data:$O1$$</name>
         <load_address>0x20000848</load_address>
         <run_address>0x20000848</run_address>
         <size>0xc</size>
         <input_file_ref idref="fl-106"/>
      </object_component>
      <object_component id="oc-86">
         <name>.data</name>
         <load_address>0x200008ac</load_address>
         <run_address>0x200008ac</run_address>
         <size>0x4</size>
         <input_file_ref idref="fl-10d"/>
      </object_component>
      <object_component id="oc-134">
         <name>.data:$O1$$</name>
         <load_address>0x20000860</load_address>
         <run_address>0x20000860</run_address>
         <size>0x8</size>
         <input_file_ref idref="fl-10f"/>
      </object_component>
      <object_component id="oc-291">
         <name>.bss:IdleStack</name>
         <uninitialized>true</uninitialized>
         <run_address>0x200008c0</run_address>
         <size>0x200</size>
         <input_file_ref idref="fl-b"/>
      </object_component>
      <object_component id="oc-294">
         <name>.bss:TaskStack1</name>
         <uninitialized>true</uninitialized>
         <run_address>0x20000ac0</run_address>
         <size>0x200</size>
         <input_file_ref idref="fl-b"/>
      </object_component>
      <object_component id="oc-156">
         <name>.bss:ReadyTasksLists</name>
         <uninitialized>true</uninitialized>
         <run_address>0x20000cc0</run_address>
         <size>0x64</size>
         <input_file_ref idref="fl-10"/>
      </object_component>
      <object_component id="oc-14d">
         <name>.bss:DelayedTaskList1</name>
         <uninitialized>true</uninitialized>
         <run_address>0x20000d8c</run_address>
         <size>0x14</size>
         <input_file_ref idref="fl-10"/>
      </object_component>
      <object_component id="oc-150">
         <name>.bss:DelayedTaskList2</name>
         <uninitialized>true</uninitialized>
         <run_address>0x20000da0</run_address>
         <size>0x14</size>
         <input_file_ref idref="fl-10"/>
      </object_component>
      <object_component id="oc-153">
         <name>.bss</name>
         <uninitialized>true</uninitialized>
         <run_address>0x20000e04</run_address>
         <size>0x8</size>
         <input_file_ref idref="fl-10"/>
      </object_component>
      <object_component id="oc-159">
         <name>.bss:SuspendedTaskList</name>
         <uninitialized>true</uninitialized>
         <run_address>0x20000db4</run_address>
         <size>0x14</size>
         <input_file_ref idref="fl-10"/>
      </object_component>
      <object_component id="oc-d5">
         <name>.bss:Int_enable_in_start_mode</name>
         <uninitialized>true</uninitialized>
         <run_address>0x20000e2b</run_address>
         <size>0x4</size>
         <input_file_ref idref="fl-38"/>
      </object_component>
      <object_component id="oc-d8">
         <name>.bss:Int_disable_in_stop_mode</name>
         <uninitialized>true</uninitialized>
         <run_address>0x20000e27</run_address>
         <size>0x4</size>
         <input_file_ref idref="fl-38"/>
      </object_component>
      <object_component id="oc-b9">
         <name>.bss:Can_ControllerMode</name>
         <uninitialized>true</uninitialized>
         <run_address>0x20000d24</run_address>
         <size>0x4</size>
         <input_file_ref idref="fl-38"/>
      </object_component>
      <object_component id="oc-c0">
         <name>.bss</name>
         <uninitialized>true</uninitialized>
         <run_address>0x20000e2f</run_address>
         <size>0x1</size>
         <input_file_ref idref="fl-38"/>
      </object_component>
      <object_component id="oc-d2">
         <name>.bss:IntDisableCount</name>
         <uninitialized>true</uninitialized>
         <run_address>0x20000e1f</run_address>
         <size>0x4</size>
         <input_file_ref idref="fl-38"/>
      </object_component>
      <object_component id="oc-cf">
         <name>.bss:IntEnableCount</name>
         <uninitialized>true</uninitialized>
         <run_address>0x20000e23</run_address>
         <size>0x4</size>
         <input_file_ref idref="fl-38"/>
      </object_component>
      <object_component id="oc-bf">
         <name>.bss:ErrorState$3</name>
         <uninitialized>true</uninitialized>
         <run_address>0x20000e1b</run_address>
         <size>0x4</size>
         <input_file_ref idref="fl-38"/>
      </object_component>
      <object_component id="oc-1fb">
         <name>.bss:arr$1</name>
         <uninitialized>true</uninitialized>
         <run_address>0x20000dfc</run_address>
         <size>0x8</size>
         <input_file_ref idref="fl-39"/>
      </object_component>
      <object_component id="oc-2dd">
         <name>.bss:info$1</name>
         <uninitialized>true</uninitialized>
         <run_address>0x20000df0</run_address>
         <size>0xc</size>
         <input_file_ref idref="fl-45"/>
      </object_component>
      <object_component id="oc-27f">
         <name>.common:CounterList</name>
         <uninitialized>true</uninitialized>
         <run_address>0x20000dc8</run_address>
         <size>0x14</size>
      </object_component>
      <object_component id="oc-285">
         <name>.common:DormantAlarmList</name>
         <uninitialized>true</uninitialized>
         <run_address>0x20000ddc</run_address>
         <size>0x14</size>
      </object_component>
      <object_component id="oc-32c">
         <name>.common:controlright</name>
         <uninitialized>true</uninitialized>
         <run_address>0x20000e59</run_address>
         <size>0x1</size>
      </object_component>
      <object_component id="oc-325">
         <name>.common:controlleft</name>
         <uninitialized>true</uninitialized>
         <run_address>0x20000e58</run_address>
         <size>0x1</size>
      </object_component>
      <object_component id="oc-328">
         <name>.common:l</name>
         <uninitialized>true</uninitialized>
         <run_address>0x20000e54</run_address>
         <size>0x4</size>
      </object_component>
      <object_component id="oc-b3">
         <name>.common:Message_Confirmation</name>
         <uninitialized>true</uninitialized>
         <run_address>0x20000d68</run_address>
         <size>0x24</size>
      </object_component>
      <object_component id="oc-1e6">
         <name>.common:CanIf_ConfigPtr</name>
         <uninitialized>true</uninitialized>
         <run_address>0x20000e38</run_address>
         <size>0x4</size>
      </object_component>
      <object_component id="oc-1f7">
         <name>.common:CanIfPrivateCfgInst</name>
         <uninitialized>true</uninitialized>
         <run_address>0x20000e30</run_address>
         <size>0x4</size>
      </object_component>
      <object_component id="oc-1e9">
         <name>.common:CanIf_Global</name>
         <uninitialized>true</uninitialized>
         <run_address>0x20000e14</run_address>
         <size>0x7</size>
      </object_component>
      <object_component id="oc-1f6">
         <name>.common:CanIfRxPduCfg_Arr</name>
         <uninitialized>true</uninitialized>
         <run_address>0x20000e34</run_address>
         <size>0x4</size>
      </object_component>
      <object_component id="oc-30d">
         <name>.common:ComConfig</name>
         <uninitialized>true</uninitialized>
         <run_address>0x20000e3c</run_address>
         <size>0x4</size>
      </object_component>
      <object_component id="oc-422">
         <name>.common:Com_Asu_IPdu</name>
         <uninitialized>true</uninitialized>
         <run_address>0x20000d28</run_address>
         <size>0x40</size>
      </object_component>
      <object_component id="oc-3e1">
         <name>.common:ComSignalBuffer_1</name>
         <uninitialized>true</uninitialized>
         <run_address>0x20000e44</run_address>
         <size>0x4</size>
      </object_component>
      <object_component id="oc-3e2">
         <name>.common:ComSignalBuffer_2</name>
         <uninitialized>true</uninitialized>
         <run_address>0x20000e48</run_address>
         <size>0x4</size>
      </object_component>
      <object_component id="oc-3e3">
         <name>.common:ComSignalBuffer_3</name>
         <uninitialized>true</uninitialized>
         <run_address>0x20000e4c</run_address>
         <size>0x4</size>
      </object_component>
      <object_component id="oc-3e4">
         <name>.common:ComSignalBuffer_4</name>
         <uninitialized>true</uninitialized>
         <run_address>0x20000e50</run_address>
         <size>0x4</size>
      </object_component>
      <object_component id="oc-3d7">
         <name>.common:ComIPduBuffer_1</name>
         <uninitialized>true</uninitialized>
         <run_address>0x20000e40</run_address>
         <size>0x4</size>
      </object_component>
      <object_component id="oc-3db">
         <name>.common:ComIPduBuffer_2</name>
         <uninitialized>true</uninitialized>
         <run_address>0x20000e0c</run_address>
         <size>0x8</size>
      </object_component>
      <object_component id="oc-2a">
         <name>.stack</name>
         <uninitialized>true</uninitialized>
         <run_address>0x20000e5c</run_address>
         <size>0x0</size>
         <input_file_ref idref="fl-102"/>
      </object_component>
      <object_component id="oc-475">
         <name>.stack</name>
         <uninitialized>true</uninitialized>
         <run_address>0x20000e5c</run_address>
         <size>0x0</size>
      </object_component>
      <object_component id="oc-2f9">
         <name>.debug_info</name>
         <load_address>0x0</load_address>
         <run_address>0x0</run_address>
         <size>0x1a5</size>
         <input_file_ref idref="fl-2"/>
      </object_component>
      <object_component id="oc-4b">
         <name>.debug_info</name>
         <load_address>0x1a5</load_address>
         <run_address>0x1a5</run_address>
         <size>0x84</size>
         <input_file_ref idref="fl-2"/>
      </object_component>
      <object_component id="oc-221">
         <name>.debug_info</name>
         <load_address>0x229</load_address>
         <run_address>0x229</run_address>
         <size>0x15c</size>
         <input_file_ref idref="fl-3"/>
      </object_component>
      <object_component id="oc-e8">
         <name>.debug_info</name>
         <load_address>0x385</load_address>
         <run_address>0x385</run_address>
         <size>0x18b</size>
         <input_file_ref idref="fl-3"/>
      </object_component>
      <object_component id="oc-217">
         <name>.debug_info</name>
         <load_address>0x510</load_address>
         <run_address>0x510</run_address>
         <size>0x2a3</size>
         <input_file_ref idref="fl-4"/>
      </object_component>
      <object_component id="oc-21d">
         <name>.debug_info</name>
         <load_address>0x7b3</load_address>
         <run_address>0x7b3</run_address>
         <size>0x1d4</size>
         <input_file_ref idref="fl-5"/>
      </object_component>
      <object_component id="oc-de">
         <name>.debug_info</name>
         <load_address>0x987</load_address>
         <run_address>0x987</run_address>
         <size>0x17d</size>
         <input_file_ref idref="fl-7"/>
      </object_component>
      <object_component id="oc-176">
         <name>.debug_info</name>
         <load_address>0xb04</load_address>
         <run_address>0xb04</run_address>
         <size>0xac7</size>
         <input_file_ref idref="fl-8"/>
      </object_component>
      <object_component id="oc-12a">
         <name>.debug_info</name>
         <load_address>0x15cb</load_address>
         <run_address>0x15cb</run_address>
         <size>0x323</size>
         <input_file_ref idref="fl-8"/>
      </object_component>
      <object_component id="oc-195">
         <name>.debug_info</name>
         <load_address>0x18ee</load_address>
         <run_address>0x18ee</run_address>
         <size>0x1ce</size>
         <input_file_ref idref="fl-8"/>
      </object_component>
      <object_component id="oc-19f">
         <name>.debug_info</name>
         <load_address>0x1abc</load_address>
         <run_address>0x1abc</run_address>
         <size>0x8fc</size>
         <input_file_ref idref="fl-8"/>
      </object_component>
      <object_component id="oc-18b">
         <name>.debug_info</name>
         <load_address>0x23b8</load_address>
         <run_address>0x23b8</run_address>
         <size>0x676</size>
         <input_file_ref idref="fl-8"/>
      </object_component>
      <object_component id="oc-190">
         <name>.debug_info</name>
         <load_address>0x2a2e</load_address>
         <run_address>0x2a2e</run_address>
         <size>0x55b</size>
         <input_file_ref idref="fl-8"/>
      </object_component>
      <object_component id="oc-fc">
         <name>.debug_info</name>
         <load_address>0x2f89</load_address>
         <run_address>0x2f89</run_address>
         <size>0x175</size>
         <input_file_ref idref="fl-8"/>
      </object_component>
      <object_component id="oc-ed">
         <name>.debug_info</name>
         <load_address>0x30fe</load_address>
         <run_address>0x30fe</run_address>
         <size>0x9ad</size>
         <input_file_ref idref="fl-8"/>
      </object_component>
      <object_component id="oc-1a4">
         <name>.debug_info</name>
         <load_address>0x3aab</load_address>
         <run_address>0x3aab</run_address>
         <size>0x306</size>
         <input_file_ref idref="fl-8"/>
      </object_component>
      <object_component id="oc-f7">
         <name>.debug_info</name>
         <load_address>0x3db1</load_address>
         <run_address>0x3db1</run_address>
         <size>0x1a2</size>
         <input_file_ref idref="fl-8"/>
      </object_component>
      <object_component id="oc-163">
         <name>.debug_info</name>
         <load_address>0x3f53</load_address>
         <run_address>0x3f53</run_address>
         <size>0xda</size>
         <input_file_ref idref="fl-8"/>
      </object_component>
      <object_component id="oc-2e1">
         <name>.debug_info</name>
         <load_address>0x402d</load_address>
         <run_address>0x402d</run_address>
         <size>0x6c</size>
         <input_file_ref idref="fl-8"/>
      </object_component>
      <object_component id="oc-19a">
         <name>.debug_info</name>
         <load_address>0x4099</load_address>
         <run_address>0x4099</run_address>
         <size>0x190</size>
         <input_file_ref idref="fl-8"/>
      </object_component>
      <object_component id="oc-171">
         <name>.debug_info</name>
         <load_address>0x4229</load_address>
         <run_address>0x4229</run_address>
         <size>0x468</size>
         <input_file_ref idref="fl-8"/>
      </object_component>
      <object_component id="oc-26d">
         <name>.debug_info</name>
         <load_address>0x4691</load_address>
         <run_address>0x4691</run_address>
         <size>0xc4</size>
         <input_file_ref idref="fl-8"/>
      </object_component>
      <object_component id="oc-272">
         <name>.debug_info</name>
         <load_address>0x4755</load_address>
         <run_address>0x4755</run_address>
         <size>0x480</size>
         <input_file_ref idref="fl-8"/>
      </object_component>
      <object_component id="oc-178">
         <name>.debug_info</name>
         <load_address>0x4bd5</load_address>
         <run_address>0x4bd5</run_address>
         <size>0x8b</size>
         <input_file_ref idref="fl-8"/>
      </object_component>
      <object_component id="oc-251">
         <name>.debug_info</name>
         <load_address>0x4c60</load_address>
         <run_address>0x4c60</run_address>
         <size>0x53</size>
         <input_file_ref idref="fl-8"/>
      </object_component>
      <object_component id="oc-9d">
         <name>.debug_info</name>
         <load_address>0x4cb3</load_address>
         <run_address>0x4cb3</run_address>
         <size>0x2c</size>
         <input_file_ref idref="fl-8"/>
      </object_component>
      <object_component id="oc-3c6">
         <name>.debug_info</name>
         <load_address>0x4cdf</load_address>
         <run_address>0x4cdf</run_address>
         <size>0xa1</size>
         <input_file_ref idref="fl-8"/>
      </object_component>
      <object_component id="oc-a2">
         <name>.debug_info</name>
         <load_address>0x4d80</load_address>
         <run_address>0x4d80</run_address>
         <size>0x53</size>
         <input_file_ref idref="fl-8"/>
      </object_component>
      <object_component id="oc-16c">
         <name>.debug_info</name>
         <load_address>0x4dd3</load_address>
         <run_address>0x4dd3</run_address>
         <size>0x14c</size>
         <input_file_ref idref="fl-8"/>
      </object_component>
      <object_component id="oc-44">
         <name>.debug_info</name>
         <load_address>0x4f1f</load_address>
         <run_address>0x4f1f</run_address>
         <size>0x352</size>
         <input_file_ref idref="fl-9"/>
      </object_component>
      <object_component id="oc-10">
         <name>.debug_info</name>
         <load_address>0x5271</load_address>
         <run_address>0x5271</run_address>
         <size>0xf1</size>
         <input_file_ref idref="fl-9"/>
      </object_component>
      <object_component id="oc-2d">
         <name>.debug_info</name>
         <load_address>0x5362</load_address>
         <run_address>0x5362</run_address>
         <size>0x26d</size>
         <input_file_ref idref="fl-9"/>
      </object_component>
      <object_component id="oc-299">
         <name>.debug_info</name>
         <load_address>0x55cf</load_address>
         <run_address>0x55cf</run_address>
         <size>0x2a1</size>
         <input_file_ref idref="fl-b"/>
      </object_component>
      <object_component id="oc-24e">
         <name>.debug_info</name>
         <load_address>0x5870</load_address>
         <run_address>0x5870</run_address>
         <size>0x3c6</size>
         <input_file_ref idref="fl-b"/>
      </object_component>
      <object_component id="oc-160">
         <name>.debug_info</name>
         <load_address>0x5c36</load_address>
         <run_address>0x5c36</run_address>
         <size>0xe0</size>
         <input_file_ref idref="fl-b"/>
      </object_component>
      <object_component id="oc-292">
         <name>.debug_info</name>
         <load_address>0x5d16</load_address>
         <run_address>0x5d16</run_address>
         <size>0xd9</size>
         <input_file_ref idref="fl-b"/>
      </object_component>
      <object_component id="oc-295">
         <name>.debug_info</name>
         <load_address>0x5def</load_address>
         <run_address>0x5def</run_address>
         <size>0xdb</size>
         <input_file_ref idref="fl-b"/>
      </object_component>
      <object_component id="oc-15d">
         <name>.debug_info</name>
         <load_address>0x5eca</load_address>
         <run_address>0x5eca</run_address>
         <size>0xdc</size>
         <input_file_ref idref="fl-b"/>
      </object_component>
      <object_component id="oc-27a">
         <name>.debug_info</name>
         <load_address>0x5fa6</load_address>
         <run_address>0x5fa6</run_address>
         <size>0xe2</size>
         <input_file_ref idref="fl-b"/>
      </object_component>
      <object_component id="oc-283">
         <name>.debug_info</name>
         <load_address>0x6088</load_address>
         <run_address>0x6088</run_address>
         <size>0xde</size>
         <input_file_ref idref="fl-b"/>
      </object_component>
      <object_component id="oc-280">
         <name>.debug_info</name>
         <load_address>0x6166</load_address>
         <run_address>0x6166</run_address>
         <size>0x5dd</size>
         <input_file_ref idref="fl-c"/>
      </object_component>
      <object_component id="oc-27d">
         <name>.debug_info</name>
         <load_address>0x6743</load_address>
         <run_address>0x6743</run_address>
         <size>0x130</size>
         <input_file_ref idref="fl-c"/>
      </object_component>
      <object_component id="oc-149">
         <name>.debug_info</name>
         <load_address>0x6873</load_address>
         <run_address>0x6873</run_address>
         <size>0xcc5</size>
         <input_file_ref idref="fl-c"/>
      </object_component>
      <object_component id="oc-31e">
         <name>.debug_info</name>
         <load_address>0x7538</load_address>
         <run_address>0x7538</run_address>
         <size>0x480</size>
         <input_file_ref idref="fl-d"/>
      </object_component>
      <object_component id="oc-22d">
         <name>.debug_info</name>
         <load_address>0x79b8</load_address>
         <run_address>0x79b8</run_address>
         <size>0x55c</size>
         <input_file_ref idref="fl-d"/>
      </object_component>
      <object_component id="oc-13e">
         <name>.debug_info</name>
         <load_address>0x7f14</load_address>
         <run_address>0x7f14</run_address>
         <size>0x668</size>
         <input_file_ref idref="fl-10"/>
      </object_component>
      <object_component id="oc-8c">
         <name>.debug_info</name>
         <load_address>0x857c</load_address>
         <run_address>0x857c</run_address>
         <size>0x2a8</size>
         <input_file_ref idref="fl-10"/>
      </object_component>
      <object_component id="oc-157">
         <name>.debug_info</name>
         <load_address>0x8824</load_address>
         <run_address>0x8824</run_address>
         <size>0xe5</size>
         <input_file_ref idref="fl-10"/>
      </object_component>
      <object_component id="oc-14e">
         <name>.debug_info</name>
         <load_address>0x8909</load_address>
         <run_address>0x8909</run_address>
         <size>0xe7</size>
         <input_file_ref idref="fl-10"/>
      </object_component>
      <object_component id="oc-151">
         <name>.debug_info</name>
         <load_address>0x89f0</load_address>
         <run_address>0x89f0</run_address>
         <size>0xe7</size>
         <input_file_ref idref="fl-10"/>
      </object_component>
      <object_component id="oc-154">
         <name>.debug_info</name>
         <load_address>0x8ad7</load_address>
         <run_address>0x8ad7</run_address>
         <size>0x127</size>
         <input_file_ref idref="fl-10"/>
      </object_component>
      <object_component id="oc-15a">
         <name>.debug_info</name>
         <load_address>0x8bfe</load_address>
         <run_address>0x8bfe</run_address>
         <size>0xe9</size>
         <input_file_ref idref="fl-10"/>
      </object_component>
      <object_component id="oc-92">
         <name>.debug_info</name>
         <load_address>0x8ce7</load_address>
         <run_address>0x8ce7</run_address>
         <size>0xdc7</size>
         <input_file_ref idref="fl-10"/>
      </object_component>
      <object_component id="oc-3c2">
         <name>.debug_info</name>
         <load_address>0x9aae</load_address>
         <run_address>0x9aae</run_address>
         <size>0x4fb</size>
         <input_file_ref idref="fl-11"/>
      </object_component>
      <object_component id="oc-321">
         <name>.debug_info</name>
         <load_address>0x9fa9</load_address>
         <run_address>0x9fa9</run_address>
         <size>0x603</size>
         <input_file_ref idref="fl-11"/>
      </object_component>
      <object_component id="oc-326">
         <name>.debug_info</name>
         <load_address>0xa5ac</load_address>
         <run_address>0xa5ac</run_address>
         <size>0x45e</size>
         <input_file_ref idref="fl-12"/>
      </object_component>
      <object_component id="oc-32a">
         <name>.debug_info</name>
         <load_address>0xaa0a</load_address>
         <run_address>0xaa0a</run_address>
         <size>0xff</size>
         <input_file_ref idref="fl-12"/>
      </object_component>
      <object_component id="oc-235">
         <name>.debug_info</name>
         <load_address>0xab09</load_address>
         <run_address>0xab09</run_address>
         <size>0xa7b</size>
         <input_file_ref idref="fl-12"/>
      </object_component>
      <object_component id="oc-32f">
         <name>.debug_info</name>
         <load_address>0xb584</load_address>
         <run_address>0xb584</run_address>
         <size>0xeb</size>
         <input_file_ref idref="fl-13"/>
      </object_component>
      <object_component id="oc-23a">
         <name>.debug_info</name>
         <load_address>0xb66f</load_address>
         <run_address>0xb66f</run_address>
         <size>0x1d0</size>
         <input_file_ref idref="fl-13"/>
      </object_component>
      <object_component id="oc-333">
         <name>.debug_info</name>
         <load_address>0xb83f</load_address>
         <run_address>0xb83f</run_address>
         <size>0xee</size>
         <input_file_ref idref="fl-14"/>
      </object_component>
      <object_component id="oc-241">
         <name>.debug_info</name>
         <load_address>0xb92d</load_address>
         <run_address>0xb92d</run_address>
         <size>0x1db</size>
         <input_file_ref idref="fl-14"/>
      </object_component>
      <object_component id="oc-181">
         <name>.debug_info</name>
         <load_address>0xbb08</load_address>
         <run_address>0xbb08</run_address>
         <size>0x32d</size>
         <input_file_ref idref="fl-17"/>
      </object_component>
      <object_component id="oc-17e">
         <name>.debug_info</name>
         <load_address>0xbe35</load_address>
         <run_address>0xbe35</run_address>
         <size>0xf1</size>
         <input_file_ref idref="fl-17"/>
      </object_component>
      <object_component id="oc-a9">
         <name>.debug_info</name>
         <load_address>0xbf26</load_address>
         <run_address>0xbf26</run_address>
         <size>0x184a</size>
         <input_file_ref idref="fl-17"/>
      </object_component>
      <object_component id="oc-f2">
         <name>.debug_info</name>
         <load_address>0xd770</load_address>
         <run_address>0xd770</run_address>
         <size>0x1b3</size>
         <input_file_ref idref="fl-17"/>
      </object_component>
      <object_component id="oc-1b6">
         <name>.debug_info</name>
         <load_address>0xd923</load_address>
         <run_address>0xd923</run_address>
         <size>0x33e</size>
         <input_file_ref idref="fl-19"/>
      </object_component>
      <object_component id="oc-3a8">
         <name>.debug_info</name>
         <load_address>0xdc61</load_address>
         <run_address>0xdc61</run_address>
         <size>0x355</size>
         <input_file_ref idref="fl-21"/>
      </object_component>
      <object_component id="oc-39c">
         <name>.debug_info</name>
         <load_address>0xdfb6</load_address>
         <run_address>0xdfb6</run_address>
         <size>0x102</size>
         <input_file_ref idref="fl-21"/>
      </object_component>
      <object_component id="oc-39f">
         <name>.debug_info</name>
         <load_address>0xe0b8</load_address>
         <run_address>0xe0b8</run_address>
         <size>0x150</size>
         <input_file_ref idref="fl-21"/>
      </object_component>
      <object_component id="oc-3a2">
         <name>.debug_info</name>
         <load_address>0xe208</load_address>
         <run_address>0xe208</run_address>
         <size>0x104</size>
         <input_file_ref idref="fl-21"/>
      </object_component>
      <object_component id="oc-3a5">
         <name>.debug_info</name>
         <load_address>0xe30c</load_address>
         <run_address>0xe30c</run_address>
         <size>0xf6</size>
         <input_file_ref idref="fl-21"/>
      </object_component>
      <object_component id="oc-301">
         <name>.debug_info</name>
         <load_address>0xe402</load_address>
         <run_address>0xe402</run_address>
         <size>0x3125</size>
         <input_file_ref idref="fl-21"/>
      </object_component>
      <object_component id="oc-1dc">
         <name>.debug_info</name>
         <load_address>0x11527</load_address>
         <run_address>0x11527</run_address>
         <size>0x32d</size>
         <input_file_ref idref="fl-24"/>
      </object_component>
      <object_component id="oc-1ca">
         <name>.debug_info</name>
         <load_address>0x11854</load_address>
         <run_address>0x11854</run_address>
         <size>0xf1</size>
         <input_file_ref idref="fl-24"/>
      </object_component>
      <object_component id="oc-1cd">
         <name>.debug_info</name>
         <load_address>0x11945</load_address>
         <run_address>0x11945</run_address>
         <size>0xe9</size>
         <input_file_ref idref="fl-24"/>
      </object_component>
      <object_component id="oc-1d0">
         <name>.debug_info</name>
         <load_address>0x11a2e</load_address>
         <run_address>0x11a2e</run_address>
         <size>0xed</size>
         <input_file_ref idref="fl-24"/>
      </object_component>
      <object_component id="oc-1d3">
         <name>.debug_info</name>
         <load_address>0x11b1b</load_address>
         <run_address>0x11b1b</run_address>
         <size>0xf3</size>
         <input_file_ref idref="fl-24"/>
      </object_component>
      <object_component id="oc-1d6">
         <name>.debug_info</name>
         <load_address>0x11c0e</load_address>
         <run_address>0x11c0e</run_address>
         <size>0xf1</size>
         <input_file_ref idref="fl-24"/>
      </object_component>
      <object_component id="oc-1d9">
         <name>.debug_info</name>
         <load_address>0x11cff</load_address>
         <run_address>0x11cff</run_address>
[...]
      </symbol>
      <symbol id="sm-a29">
         <name>CanIf_rxPduConfigTypeInstance</name>
         <value>0x200004a4</value>
         <object_component_ref idref="oc-3ee"/>
      </symbol>
      <symbol id="sm-a2a">
         <name>CanIf_initConfigTypeInstance</name>
         <value>0x20000688</value>
         <object_component_ref idref="oc-34d"/>
      </symbol>
      <symbol id="sm-a2b">
         <name>CanIf_configTypeInstance</name>
         <value>0x20000868</value>
         <object_component_ref idref="oc-24a"/>
      </symbol>
      <symbol id="sm-a2c">
         <name>CanIfCtrlCfgInstance</name>
         <value>0x200007a8</value>
         <object_component_ref idref="oc-34a"/>
      </symbol>
      <symbol id="sm-a34">
         <name>CanTpRunTimeData</name>
         <value>0x20000390</value>
         <object_component_ref idref="oc-2d1"/>
      </symbol>
      <symbol id="sm-a4c">
         <name>CanTp_TxNSdu</name>
         <value>0x9810</value>
         <object_component_ref idref="oc-339"/>
      </symbol>
      <symbol id="sm-a4d">
         <name>CanTp_RxNSdu</name>
         <value>0x96c0</value>
         <object_component_ref idref="oc-336"/>
      </symbol>
      <symbol id="sm-a4e">
         <name>CanTp_Config</name>
         <value>0x9918</value>
         <object_component_ref idref="oc-244"/>
      </symbol>
      <symbol id="sm-ad3">
         <name>ComConfig</name>
         <value>0x20000e3c</value>
      </symbol>
      <symbol id="sm-ad4">
         <name>Com_TpRxIndication</name>
         <value>0x56e3</value>
         <object_component_ref idref="oc-226"/>
      </symbol>
      <symbol id="sm-ad5">
         <name>Com_MainFunctionRx</name>
         <value>0x507b</value>
         <object_component_ref idref="oc-226"/>
      </symbol>
      <symbol id="sm-ad6">
         <name>Com_MainFunctionTx</name>
         <value>0x51ad</value>
         <object_component_ref idref="oc-226"/>
      </symbol>
      <symbol id="sm-ad7">
         <name>Com_StartOfReception</name>
         <value>0x565b</value>
         <object_component_ref idref="oc-226"/>
      </symbol>
      <symbol id="sm-ad8">
         <name>Com_ReceiveSignal</name>
         <value>0x53b7</value>
         <object_component_ref idref="oc-226"/>
      </symbol>
      <symbol id="sm-ad9">
         <name>Com_TriggerIPDUSend</name>
         <value>0x5539</value>
         <object_component_ref idref="oc-226"/>
      </symbol>
      <symbol id="sm-ada">
         <name>Com_RxIndication</name>
         <value>0x562b</value>
         <object_component_ref idref="oc-226"/>
      </symbol>
      <symbol id="sm-adb">
         <name>Com_TpTxConfirmation</name>
         <value>0x5743</value>
         <object_component_ref idref="oc-226"/>
      </symbol>
      <symbol id="sm-adc">
         <name>Com_SendSignal</name>
         <value>0x52ad</value>
         <object_component_ref idref="oc-226"/>
      </symbol>
      <symbol id="sm-add">
         <name>Com_Init</name>
         <value>0x4edd</value>
         <object_component_ref idref="oc-226"/>
      </symbol>
      <symbol id="sm-ade">
         <name>Com_CopyTxData</name>
         <value>0x5415</value>
         <object_component_ref idref="oc-226"/>
      </symbol>
      <symbol id="sm-adf">
         <name>Com_CopyRxData</name>
         <value>0x54a9</value>
         <object_component_ref idref="oc-226"/>
      </symbol>
      <symbol id="sm-ae0">
         <name>com_pdur</name>
         <value>0x200008b9</value>
         <object_component_ref idref="oc-319"/>
      </symbol>
      <symbol id="sm-aec">
         <name>Com_Asu_IPdu</name>
         <value>0x20000d28</value>
      </symbol>
      <symbol id="sm-aed">
         <name>ComAsuConfiguration</name>
         <value>0x20000854</value>
         <object_component_ref idref="oc-3b2"/>
      </symbol>
      <symbol id="sm-b11">
         <name>Com_ReadSignalDataFromPduBuffer</name>
         <value>0x73f5</value>
         <object_component_ref idref="oc-307"/>
      </symbol>
      <symbol id="sm-b12">
         <name>Com_WriteSignalDataToPduBuffer</name>
         <value>0x7185</value>
         <object_component_ref idref="oc-307"/>
      </symbol>
      <symbol id="sm-b13">
         <name>Com_UnPackSignalsFromPdu</name>
         <value>0x7121</value>
         <object_component_ref idref="oc-307"/>
      </symbol>
      <symbol id="sm-b14">
         <name>Com_WriteSignalDataToSignalBuffer</name>
         <value>0x75e1</value>
         <object_component_ref idref="oc-307"/>
      </symbol>
      <symbol id="sm-b15">
         <name>Com_PackSignalsToPdu</name>
         <value>0x70bd</value>
         <object_component_ref idref="oc-307"/>
      </symbol>
      <symbol id="sm-b16">
         <name>Com_ReadSignalDataFromSignalBuffer</name>
         <value>0x7615</value>
         <object_component_ref idref="oc-307"/>
      </symbol>
      <symbol id="sm-b3a">
         <name>ComSignalBuffer_1</name>
         <value>0x20000e44</value>
      </symbol>
      <symbol id="sm-b3b">
         <name>ComSignalBuffer_2</name>
         <value>0x20000e48</value>
      </symbol>
      <symbol id="sm-b3c">
         <name>ComSignalBuffer_3</name>
         <value>0x20000e4c</value>
      </symbol>
      <symbol id="sm-b3d">
         <name>ComSignalBuffer_4</name>
         <value>0x20000e50</value>
      </symbol>
      <symbol id="sm-b3e">
         <name>ComIPduBuffer_1</name>
         <value>0x20000e40</value>
      </symbol>
      <symbol id="sm-b3f">
         <name>ComIPduBuffer_2</name>
         <value>0x20000e0c</value>
      </symbol>
      <symbol id="sm-b40">
         <name>ComConfiguration</name>
         <value>0x99e0</value>
         <object_component_ref idref="oc-247"/>
      </symbol>
      <symbol id="sm-b41">
         <name>ComIPduSignalRefs_Can_Message_1</name>
         <value>0x99ec</value>
         <object_component_ref idref="oc-3d8"/>
      </symbol>
      <symbol id="sm-b42">
         <name>ComIPduSignalRefs_Can_Message_2</name>
         <value>0x99f8</value>
         <object_component_ref idref="oc-3dc"/>
      </symbol>
      <symbol id="sm-b43">
         <name>ComSignal</name>
         <value>0x97ac</value>
         <object_component_ref idref="oc-343"/>
      </symbol>
      <symbol id="sm-b44">
         <name>ComIPdu</name>
         <value>0x9860</value>
         <object_component_ref idref="oc-340"/>
      </symbol>
      <symbol id="sm-b55">
         <name>power</name>
         <value>0x8b65</value>
         <object_component_ref idref="oc-313"/>
      </symbol>
      <symbol id="sm-b56">
         <name>validateSignalID</name>
         <value>0x8b4b</value>
         <object_component_ref idref="oc-313"/>
      </symbol>
      <symbol id="sm-bf3">
         <name>cantp_cainf_FC</name>
         <value>0x200008b3</value>
         <object_component_ref idref="oc-36b"/>
      </symbol>
      <symbol id="sm-bf4">
         <name>cantp_com_rx_or_copy</name>
         <value>0x200008b7</value>
         <object_component_ref idref="oc-36e"/>
      </symbol>
      <symbol id="sm-bf5">
         <name>getPduLength</name>
         <value>0x2efd</value>
         <object_component_ref idref="oc-2c6"/>
      </symbol>
      <symbol id="sm-bf6">
         <name>sendFlowControlFrame</name>
         <value>0x3643</value>
         <object_component_ref idref="oc-2c6"/>
      </symbol>
      <symbol id="sm-bf7">
         <name>handleNextTxFrameSent</name>
         <value>0x3519</value>
         <object_component_ref idref="oc-2c6"/>
      </symbol>
      <symbol id="sm-bf8">
         <name>getFrameType</name>
         <value>0x2e5f</value>
         <object_component_ref idref="oc-2c6"/>
      </symbol>
      <symbol id="sm-bf9">
         <name>copySegmentToPduRRxBuffer</name>
         <value>0x2d99</value>
         <object_component_ref idref="oc-2c6"/>
      </symbol>
      <symbol id="sm-bfa">
         <name>copySegmentToLocalRxBuffer</name>
         <value>0x2dfd</value>
         <object_component_ref idref="oc-2c6"/>
      </symbol>
      <symbol id="sm-bfb">
         <name>handleConsecutiveFrame</name>
         <value>0x332d</value>
         <object_component_ref idref="oc-2c6"/>
      </symbol>
      <symbol id="sm-bfc">
         <name>handleFlowControlFrame</name>
         <value>0x325f</value>
         <object_component_ref idref="oc-2c6"/>
      </symbol>
      <symbol id="sm-bfd">
         <name>cantp_com_copy_tx</name>
         <value>0x200008b5</value>
         <object_component_ref idref="oc-371"/>
      </symbol>
      <symbol id="sm-bfe">
         <name>sendNextTxFrame</name>
         <value>0x378f</value>
         <object_component_ref idref="oc-2c6"/>
      </symbol>
      <symbol id="sm-bff">
         <name>handleFirstFrame</name>
         <value>0x30f3</value>
         <object_component_ref idref="oc-2c6"/>
      </symbol>
      <symbol id="sm-c00">
         <name>canReceivePaddingHelper</name>
         <value>0x2d1b</value>
         <object_component_ref idref="oc-2c6"/>
      </symbol>
      <symbol id="sm-c01">
         <name>calcRequiredProtocolFrameType</name>
         <value>0x2f85</value>
         <object_component_ref idref="oc-2c6"/>
      </symbol>
      <symbol id="sm-c02">
         <name>handleSingleFrame</name>
         <value>0x2fed</value>
         <object_component_ref idref="oc-2c6"/>
      </symbol>
      <symbol id="sm-c03">
         <name>canTansmitPaddingHelper</name>
         <value>0x2ca1</value>
         <object_component_ref idref="oc-2c6"/>
      </symbol>
      <symbol id="sm-c04">
         <name>canif_ids</name>
         <value>0x200008a6</value>
         <object_component_ref idref="oc-368"/>
      </symbol>
      <symbol id="sm-c20">
         <name>PduR_ComTransmit</name>
         <value>0x838d</value>
         <object_component_ref idref="oc-1f0"/>
      </symbol>
      <symbol id="sm-c21">
         <name>PduR_CanTpRxIndication</name>
         <value>0x8429</value>
         <object_component_ref idref="oc-1f0"/>
      </symbol>
      <symbol id="sm-c22">
         <name>PduR_CanIfRxIndication</name>
         <value>0x83e3</value>
         <object_component_ref idref="oc-1f0"/>
      </symbol>
      <symbol id="sm-c23">
         <name>PduR_CanTpCopyTxData</name>
         <value>0x8475</value>
         <object_component_ref idref="oc-1f0"/>
      </symbol>
      <symbol id="sm-c24">
         <name>PduR_CanTpTxConfirmation</name>
         <value>0x84a1</value>
         <object_component_ref idref="oc-1f0"/>
      </symbol>
      <symbol id="sm-c25">
         <name>PduR_CanTpCopyRxData</name>
         <value>0x8401</value>
         <object_component_ref idref="oc-1f0"/>
      </symbol>
      <symbol id="sm-c26">
         <name>PduR_CanTpStartOfReception</name>
         <value>0x8449</value>
         <object_component_ref idref="oc-1f0"/>
      </symbol>
      <symbol id="sm-c84">
         <name>real_com</name>
         <value>0x200007c0</value>
         <object_component_ref idref="oc-37f"/>
      </symbol>
      <symbol id="sm-c85">
         <name>real_CanTp_rx</name>
         <value>0x20000828</value>
         <object_component_ref idref="oc-38b"/>
      </symbol>
      <symbol id="sm-c86">
         <name>real_CanTp_tx</name>
         <value>0x20000880</value>
         <object_component_ref idref="oc-391"/>
      </symbol>
      <symbol id="sm-c87">
         <name>Com_type</name>
         <value>0x20000818</value>
         <object_component_ref idref="oc-394"/>
      </symbol>
      <symbol id="sm-c88">
         <name>real_CanIf</name>
         <value>0x20000758</value>
         <object_component_ref idref="oc-385"/>
      </symbol>
      <symbol id="sm-c89">
         <name>virtual_CanTp_rx</name>
         <value>0x20000838</value>
         <object_component_ref idref="oc-388"/>
      </symbol>
      <symbol id="sm-c8a">
         <name>virtual_CanTp_tx</name>
         <value>0x20000888</value>
         <object_component_ref idref="oc-38e"/>
      </symbol>
      <symbol id="sm-c8b">
         <name>get_type</name>
         <value>0x831f</value>
         <object_component_ref idref="oc-2d7"/>
      </symbol>
      <symbol id="sm-c8c">
         <name>virtual_CanIf</name>
         <value>0x20000774</value>
         <object_component_ref idref="oc-382"/>
      </symbol>
      <symbol id="sm-c8d">
         <name>virtual_com</name>
         <value>0x200007d4</value>
         <object_component_ref idref="oc-37c"/>
      </symbol>
      <symbol id="sm-c8e">
         <name>get_ID</name>
         <value>0x8229</value>
         <object_component_ref idref="oc-2d7"/>
      </symbol>
      <symbol id="sm-ce5">
         <name>CanTp_Shutdown</name>
         <value>0x5b97</value>
         <object_component_ref idref="oc-1ea"/>
      </symbol>
      <symbol id="sm-ce6">
         <name>CanTp_Init</name>
         <value>0x5971</value>
         <object_component_ref idref="oc-1ea"/>
      </symbol>
      <symbol id="sm-ce7">
         <name>initRx15765RuntimeData</name>
         <value>0x5833</value>
         <object_component_ref idref="oc-1ea"/>
      </symbol>
      <symbol id="sm-ce8">
         <name>CanTp_RxIndication</name>
         <value>0x587b</value>
         <object_component_ref idref="oc-1ea"/>
      </symbol>
      <symbol id="sm-ce9">
         <name>CanTp_MainFunction</name>
         <value>0x5bad</value>
         <object_component_ref idref="oc-1ea"/>
      </symbol>
      <symbol id="sm-cea">
         <name>CanTp_TxConfirmation</name>
         <value>0x5e09</value>
         <object_component_ref idref="oc-1ea"/>
      </symbol>
      <symbol id="sm-ceb">
         <name>initTx15765RuntimeData</name>
         <value>0x57f1</value>
         <object_component_ref idref="oc-1ea"/>
      </symbol>
      <symbol id="sm-cec">
         <name>CanTp_Transmit</name>
         <value>0x5a3d</value>
         <object_component_ref idref="oc-1ea"/>
      </symbol>
      <symbol id="sm-cfe">
         <name>_c_int00</name>
         <value>0x8d5d</value>
         <object_component_ref idref="oc-24"/>
      </symbol>
      <symbol id="sm-cff">
         <name>__stack</name>
         <value>0x20000e5c</value>
         <object_component_ref idref="oc-2a"/>
      </symbol>
      <symbol id="sm-d1d">
         <name>__TI_decompress_lzss</name>
         <value>0x8c9d</value>
         <object_component_ref idref="oc-12"/>
      </symbol>
      <symbol id="sm-d34">
         <name>__TI_decompress_none</name>
         <value>0x8f71</value>
         <object_component_ref idref="oc-18"/>
      </symbol>
      <symbol id="sm-d4b">
         <name>__TI_zero_init</name>
         <value>0x8f7f</value>
         <object_component_ref idref="oc-1e"/>
      </symbol>
      <symbol id="sm-d6c">
         <name>C$$EXIT</name>
         <value>0x8db1</value>
         <object_component_ref idref="oc-80"/>
      </symbol>
      <symbol id="sm-d6d">
         <name>abort</name>
         <value>0x8db5</value>
         <object_component_ref idref="oc-80"/>
      </symbol>
      <symbol id="sm-d6e">
         <name>exit</name>
         <value>0x8dbd</value>
         <object_component_ref idref="oc-80"/>
      </symbol>
      <symbol id="sm-d6f">
         <name>__TI_dtors_ptr</name>
         <value>0x2000084c</value>
         <object_component_ref idref="oc-131"/>
      </symbol>
      <symbol id="sm-d70">
         <name>__TI_cleanup_ptr</name>
         <value>0x20000848</value>
         <object_component_ref idref="oc-131"/>
      </symbol>
      <symbol id="sm-d71">
         <name>__TI_enable_exit_profile_output</name>
         <value>0x20000850</value>
         <object_component_ref idref="oc-131"/>
      </symbol>
      <symbol id="sm-d7b">
         <name>__aeabi_d2uiz</name>
         <value>0x8e51</value>
         <object_component_ref idref="oc-2cc"/>
      </symbol>
      <symbol id="sm-d84">
         <name>__aeabi_lmul</name>
         <value>0x8f1d</value>
         <object_component_ref idref="oc-3b7"/>
      </symbol>
      <symbol id="sm-d9f">
         <name>memcpy</name>
         <value>0x89b9</value>
         <object_component_ref idref="oc-50"/>
      </symbol>
      <symbol id="sm-da0">
         <name>__aeabi_memcpy</name>
         <value>0x89b9</value>
         <object_component_ref idref="oc-50"/>
      </symbol>
      <symbol id="sm-da1">
         <name>__aeabi_memcpy8</name>
         <value>0x89b9</value>
         <object_component_ref idref="oc-50"/>
      </symbol>
      <symbol id="sm-da2">
         <name>__aeabi_memcpy4</name>
         <value>0x89b9</value>
         <object_component_ref idref="oc-50"/>
      </symbol>
      <symbol id="sm-db1">
         <name>__aeabi_memset</name>
         <value>0x8ad3</value>
         <object_component_ref idref="oc-5c"/>
      </symbol>
      <symbol id="sm-db2">
         <name>memset</name>
         <value>0x8ad9</value>
         <object_component_ref idref="oc-5c"/>
      </symbol>
      <symbol id="sm-db3">
         <name>__aeabi_memset8</name>
         <value>0x8ad3</value>
         <object_component_ref idref="oc-5c"/>
      </symbol>
      <symbol id="sm-db4">
         <name>__aeabi_memset4</name>
         <value>0x8ad3</value>
         <object_component_ref idref="oc-5c"/>
      </symbol>
      <symbol id="sm-db5">
         <name>__aeabi_memclr8</name>
         <value>0x8ad1</value>
         <object_component_ref idref="oc-5c"/>
      </symbol>
      <symbol id="sm-db6">
         <name>__aeabi_memclr4</name>
         <value>0x8ad1</value>
         <object_component_ref idref="oc-5c"/>
      </symbol>
      <symbol id="sm-db7">
         <name>__aeabi_memclr</name>
         <value>0x8ad1</value>
         <object_component_ref idref="oc-5c"/>
      </symbol>
      <symbol id="sm-dc1">
         <name>__mpu_init</name>
         <value>0x8733</value>
         <object_component_ref idref="oc-68"/>
      </symbol>
      <symbol id="sm-dcb">
         <name>_system_pre_init</name>
         <value>0x8f9d</value>
         <object_component_ref idref="oc-6e"/>
      </symbol>
      <symbol id="sm-dd3">
         <name>main_func_sp</name>
         <value>0x200008ac</value>
         <object_component_ref idref="oc-86"/>
      </symbol>
      <symbol id="sm-ded">
         <name>_nop</name>
         <value>0x8f6b</value>
         <object_component_ref idref="oc-25f"/>
      </symbol>
      <symbol id="sm-dee">
         <name>_lock</name>
         <value>0x20000860</value>
         <object_component_ref idref="oc-134"/>
      </symbol>
      <symbol id="sm-def">
         <name>_unlock</name>
         <value>0x20000864</value>
         <object_component_ref idref="oc-134"/>
      </symbol>
      <symbol id="sm-df0">
         <name>_register_lock</name>
         <value>0x8f63</value>
         <object_component_ref idref="oc-25f"/>
      </symbol>
      <symbol id="sm-df1">
         <name>_register_unlock</name>
         <value>0x8f5d</value>
         <object_component_ref idref="oc-25f"/>
      </symbol>
      <symbol id="sm-e05">
         <name>_args_main</name>
         <value>0x8f05</value>
         <object_component_ref idref="oc-7a"/>
      </symbol>
      <symbol id="sm-e2f">
         <name>__TI_auto_init</name>
         <value>0x8c2d</value>
         <object_component_ref idref="oc-74"/>
      </symbol>
      <symbol id="sm-e49">
         <name>copy_in</name>
         <value>0x8e05</value>
         <object_component_ref idref="oc-11b"/>
      </symbol>
      <symbol id="sm-e54">
         <name>_system_post_cinit</name>
         <value>0x8907</value>
         <object_component_ref idref="oc-121"/>
      </symbol>
      <symbol id="sm-e55">
         <name>__TI_static_base__</name>
         <value>0x0</value>
      </symbol>
      <symbol id="sm-e58">
         <name>SHT$$INIT_ARRAY$$Limit</name>
         <value>0x0</value>
      </symbol>
      <symbol id="sm-e59">
         <name>SHT$$INIT_ARRAY$$Base</name>
         <value>0x0</value>
      </symbol>
   </symbol_table>
   <title>Link successful</title>
</link_info>
